Running Gradle task 'assembleDebug'...                          
flutter : lib/features/chec
kout/presentation/view/Chec
koutView.dart:5:8: Error: 
Error when reading 'lib/cor
e/widgets/CustonBtn.dart': 
The system cannot find the 
file specified
At line:1 char:1
+ flutter build apk 
--debug > build_output.txt 
2>&1
+ ~~~~~~~~~~~~~~~~~~~~~~~~~
~~~~~~~~~~~~~~~~~~~~~~~~
    + CategoryInfo         
     : NotSpecified: (lib  
  /features/ch... file s   
 pecified:String) [], R    
emoteException
    + FullyQualifiedErrorI 
   d : NativeCommandError
 
import 'package:fruits_hub/
core/widgets/CustonBtn.dart
';
       ^
lib/features/Auth/presentat
ion/View/widgets/VaryfyView
Body.dart:11:8: Error: 
Error when reading 'lib/cor
e/widgets/CustonBtn.dart': 
The system cannot find the 
file specified
import 'package:fruits_hub/
core/widgets/CustonBtn.dart
';
       ^
lib/features/Auth/presentat
ion/View/widgets/CustomForm
ResetPassword.dart:8:8: 
Error: Error when reading '
lib/core/widgets/CustonBtn.
dart': The system cannot 
find the file specified
import 'package:fruits_hub/
core/widgets/CustonBtn.dart
';
       ^
lib/features/Auth/presentat
ion/View/widgets/Customform
fieldForgotPassword.dart:9:
8: Error: Error when 
reading 'lib/core/widgets/C
ustonBtn.dart': The system 
cannot find the file 
specified
import 'package:fruits_hub/
core/widgets/CustonBtn.dart
';
       ^
lib/features/Auth/presentat
ion/View/widgets/CustomForm
Field.dart:10:8: Error: 
Error when reading 'lib/cor
e/widgets/CustonBtn.dart': 
The system cannot find the 
file specified
import 'package:fruits_hub/
core/widgets/CustonBtn.dart
';
       ^
lib/features/Auth/presentat
ion/View/widgets/CustomForm
SignUp.dart:8:8: Error: 
Error when reading 'lib/cor
e/widgets/CustonBtn.dart': 
The system cannot find the 
file specified
import 'package:fruits_hub/
core/widgets/CustonBtn.dart
';
       ^
lib/features/onbording/pres
entation/views/widgets/Visi
bilityButton.dart:6:8: 
Error: Error when reading '
lib/core/widgets/CustonBtn.
dart': The system cannot 
find the file specified
import 'package:fruits_hub/
core/widgets/CustonBtn.dart
';
       ^
lib/core/utils/app_strings/
app_strings.dart:100:16: 
Error: 'cancel' is already 
declared in this scope.
  static const cancel = 
"?????";
               ^^^^^^
lib/core/utils/app_strings/
app_strings.dart:66:16: 
Context: Previous 
declaration of 'cancel'.
  static const cancel = 
"?????";
               ^^^^^^
lib/core/utils/app_strings/
app_strings.dart:87:16: 
Error: 'sort' is already 
declared in this scope.
  static const sort = 
"?????";
               ^^^^
lib/core/utils/app_strings/
app_strings.dart:67:16: 
Context: Previous 
declaration of 'sort'.
  static const sort = 
"?????";
               ^^^^
lib/core/utils/app_strings/
app_strings.dart:88:16: 
Error: 'filter' is already 
declared in this scope.
  static const filter = 
"?????";
               ^^^^^^
lib/core/utils/app_strings/
app_strings.dart:68:16: 
Context: Previous 
declaration of 'filter'.
  static const filter = 
"?????";
               ^^^^^^
lib/core/utils/app_strings/
app_strings.dart:89:16: 
Error: 'sortBy' is already 
declared in this scope.
  static const sortBy = 
"????? ???";
               ^^^^^^
lib/core/utils/app_strings/
app_strings.dart:69:16: 
Context: Previous 
declaration of 'sortBy'.
  static const sortBy = 
"????? ???";
               ^^^^^^
lib/features/home/presentat
ion/view/HomeView.dart:3:24
: Error: Type 
'StatelessWidget' not 
found.
class HomeView extends 
StatelessWidget {
                       
^^^^^^^^^^^^^^^
lib/features/home/presentat
ion/view/HomeView.dart:7:3:
 Error: Type 'Widget' not 
found.
  Widget 
build(BuildContext 
context) {
  ^^^^^^
lib/features/home/presentat
ion/view/HomeView.dart:7:16
: Error: Type 
'BuildContext' not found.
  Widget 
build(BuildContext 
context) {
               ^^^^^^^^^^^^
lib/features/products/prese
ntation/view/ProductsView.d
art:4:28: Error: Type 
'StatelessWidget' not 
found.
class ProductsView extends 
StatelessWidget {
                           
^^^^^^^^^^^^^^^
lib/features/products/prese
ntation/view/ProductsView.d
art:8:3: Error: Type 
'Widget' not found.
  Widget 
build(BuildContext 
context) {
  ^^^^^^
lib/features/products/prese
ntation/view/ProductsView.d
art:8:16: Error: Type 
'BuildContext' not found.
  Widget 
build(BuildContext 
context) {
               ^^^^^^^^^^^^
lib/features/products/prese
ntation/view/ProductDetails
View.dart:3:34: Error: 
Type 'StatelessWidget' not 
found.
class ProductDetailsView 
extends StatelessWidget {
                           
      ^^^^^^^^^^^^^^^
lib/features/products/prese
ntation/view/ProductDetails
View.dart:7:3: Error: Type 
'Widget' not found.
  Widget 
build(BuildContext 
context) {
  ^^^^^^
lib/features/products/prese
ntation/view/ProductDetails
View.dart:7:16: Error: 
Type 'BuildContext' not 
found.
  Widget 
build(BuildContext 
context) {
               ^^^^^^^^^^^^
lib/features/cart/presentat
ion/view/CartView.dart:3:24
: Error: Type 
'StatelessWidget' not 
found.
class CartView extends 
StatelessWidget {
                       
^^^^^^^^^^^^^^^
lib/features/cart/presentat
ion/view/CartView.dart:7:3:
 Error: Type 'Widget' not 
found.
  Widget 
build(BuildContext 
context) {
  ^^^^^^
lib/features/cart/presentat
ion/view/CartView.dart:7:16
: Error: Type 
'BuildContext' not found.
  Widget 
build(BuildContext 
context) {
               ^^^^^^^^^^^^
lib/features/profile/presen
tation/view/ProfileView.dar
t:3:27: Error: Type 
'StatelessWidget' not 
found.
class ProfileView extends 
StatelessWidget {
                          
^^^^^^^^^^^^^^^
lib/features/profile/presen
tation/view/ProfileView.dar
t:7:3: Error: Type 
'Widget' not found.
  Widget 
build(BuildContext 
context) {
  ^^^^^^
lib/features/profile/presen
tation/view/ProfileView.dar
t:7:16: Error: Type 
'BuildContext' not found.
  Widget 
build(BuildContext 
context) {
               ^^^^^^^^^^^^
lib/features/profile/presen
tation/view/EditProfileView
.dart:3:31: Error: Type 
'StatelessWidget' not 
found.
class EditProfileView 
extends StatelessWidget {
                           
   ^^^^^^^^^^^^^^^
lib/features/profile/presen
tation/view/EditProfileView
.dart:7:3: Error: Type 
'Widget' not found.
  Widget 
build(BuildContext 
context) {
  ^^^^^^
lib/features/profile/presen
tation/view/EditProfileView
.dart:7:16: Error: Type 
'BuildContext' not found.
  Widget 
build(BuildContext 
context) {
               ^^^^^^^^^^^^
lib/features/profile/presen
tation/view/OrdersView.dart
:3:26: Error: Type 
'StatelessWidget' not 
found.
class OrdersView extends 
StatelessWidget {
                         
^^^^^^^^^^^^^^^
lib/features/profile/presen
tation/view/OrdersView.dart
:7:3: Error: Type 'Widget' 
not found.
  Widget 
build(BuildContext 
context) {
  ^^^^^^
lib/features/profile/presen
tation/view/OrdersView.dart
:7:16: Error: Type 
'BuildContext' not found.
  Widget 
build(BuildContext 
context) {
               ^^^^^^^^^^^^
lib/features/profile/presen
tation/view/PaymentMethodsV
iew.dart:3:34: Error: Type 
'StatelessWidget' not 
found.
class PaymentMethodsView 
extends StatelessWidget {
                           
      ^^^^^^^^^^^^^^^
lib/features/profile/presen
tation/view/PaymentMethodsV
iew.dart:7:3: Error: Type 
'Widget' not found.
  Widget 
build(BuildContext 
context) {
  ^^^^^^
lib/features/profile/presen
tation/view/PaymentMethodsV
iew.dart:7:16: Error: Type 
'BuildContext' not found.
  Widget 
build(BuildContext 
context) {
               ^^^^^^^^^^^^
lib/features/profile/presen
tation/view/AddPaymentMetho
dView.dart:3:36: Error: 
Type 'StatelessWidget' not 
found.
class AddPaymentMethodView 
extends StatelessWidget {
                           
        ^^^^^^^^^^^^^^^
lib/features/profile/presen
tation/view/AddPaymentMetho
dView.dart:7:3: Error: 
Type 'Widget' not found.
  Widget 
build(BuildContext 
context) {
  ^^^^^^
lib/features/profile/presen
tation/view/AddPaymentMetho
dView.dart:7:16: Error: 
Type 'BuildContext' not 
found.
  Widget 
build(BuildContext 
context) {
               ^^^^^^^^^^^^
lib/features/profile/presen
tation/view/AddPaymentMetho
dView.dart:46:3: Error: 
Type 'Widget' not found.
  Widget 
_buildTextField(String 
label, {String? hint, 
TextInputType? 
keyboardType}) {
  ^^^^^^
lib/features/profile/presen
tation/view/AddPaymentMetho
dView.dart:46:55: Error: 
Type 'TextInputType' not 
found.
  Widget 
_buildTextField(String 
label, {String? hint, 
TextInputType? 
keyboardType}) {
                           
                           
^^^^^^^^^^^^^
lib/features/home/presentat
ion/view/widgets/BottomNavB
ar.dart:5:28: Error: Type 
'StatelessWidget' not 
found.
class BottomNavBar extends 
StatelessWidget {
                           
^^^^^^^^^^^^^^^
lib/features/home/presentat
ion/view/widgets/BottomNavB
ar.dart:16:3: Error: Type 
'Widget' not found.
  Widget 
build(BuildContext 
context) {
  ^^^^^^
lib/features/home/presentat
ion/view/widgets/BottomNavB
ar.dart:16:16: Error: Type 
'BuildContext' not found.
  Widget 
build(BuildContext 
context) {
               ^^^^^^^^^^^^
lib/features/home/presentat
ion/view/widgets/ListCatego
ries.dart:5:30: Error: 
Type 'StatelessWidget' not 
found.
class ListCategories 
extends StatelessWidget {
                           
  ^^^^^^^^^^^^^^^
lib/features/home/presentat
ion/view/widgets/ListCatego
ries.dart:9:3: Error: Type 
'Widget' not found.
  Widget 
build(BuildContext 
context) {
  ^^^^^^
lib/features/home/presentat
ion/view/widgets/ListCatego
ries.dart:9:16: Error: 
Type 'BuildContext' not 
found.
  Widget 
build(BuildContext 
context) {
               ^^^^^^^^^^^^
lib/features/home/presentat
ion/view/widgets/ListProduc
ts.dart:7:28: Error: Type 
'StatelessWidget' not 
found.
class ListProducts extends 
StatelessWidget {
                           
^^^^^^^^^^^^^^^
lib/features/home/presentat
ion/view/widgets/ListProduc
ts.dart:11:3: Error: Type 
'Widget' not found.
  Widget 
build(BuildContext 
context) {
  ^^^^^^
lib/features/home/presentat
ion/view/widgets/ListProduc
ts.dart:11:16: Error: Type 
'BuildContext' not found.
  Widget 
build(BuildContext 
context) {
               ^^^^^^^^^^^^
lib/features/home/presentat
ion/view/widgets/SectionHea
der.dart:7:29: Error: Type 
'StatelessWidget' not 
found.
class SectionHeader 
extends StatelessWidget {
                           
 ^^^^^^^^^^^^^^^
lib/features/home/presentat
ion/view/widgets/SectionHea
der.dart:11:3: Error: Type 
'Widget' not found.
  Widget 
build(BuildContext 
context) {
  ^^^^^^
lib/features/home/presentat
ion/view/widgets/SectionHea
der.dart:11:16: Error: 
Type 'BuildContext' not 
found.
  Widget 
build(BuildContext 
context) {
               ^^^^^^^^^^^^
lib/features/profile/presen
tation/view/widgets/OrderIt
em.dart:5:25: Error: Type 
'StatelessWidget' not 
found.
class OrderItem extends 
StatelessWidget {
                        
^^^^^^^^^^^^^^^
lib/features/profile/presen
tation/view/widgets/OrderIt
em.dart:9:3: Error: Type 
'Widget' not found.
  Widget 
build(BuildContext 
context) {
  ^^^^^^
lib/features/profile/presen
tation/view/widgets/OrderIt
em.dart:9:16: Error: Type 
'BuildContext' not found.
  Widget 
build(BuildContext 
context) {
               ^^^^^^^^^^^^
lib/features/profile/presen
tation/view/widgets/OrderIt
em.dart:28:3: Error: Type 
'Widget' not found.
  Widget 
_buildOrderHeader() {
  ^^^^^^
lib/features/profile/presen
tation/view/widgets/OrderIt
em.dart:57:3: Error: Type 
'Widget' not found.
  Widget 
_buildOrderDetails() {
  ^^^^^^
lib/core/widgets/common_wid
gets.dart:5:33: Error: 
Type 'StatelessWidget' not 
found.
class FilterBottomSheet 
extends StatelessWidget {
                           
     ^^^^^^^^^^^^^^^
lib/core/widgets/common_wid
gets.dart:9:3: Error: Type 
'Widget' not found.
  Widget 
build(BuildContext 
context) {
  ^^^^^^
lib/core/widgets/common_wid
gets.dart:9:16: Error: 
Type 'BuildContext' not 
found.
  Widget 
build(BuildContext 
context) {
               ^^^^^^^^^^^^
lib/core/widgets/common_wid
gets.dart:74:3: Error: 
Type 'Widget' not found.
  Widget 
_buildFilterChip(String 
label, bool isActive) {
  ^^^^^^
lib/core/widgets/common_wid
gets.dart:91:31: Error: 
Type 'StatelessWidget' not 
found.
class SortBottomSheet 
extends StatelessWidget {
                           
   ^^^^^^^^^^^^^^^
lib/core/widgets/common_wid
gets.dart:95:3: Error: 
Type 'Widget' not found.
  Widget 
build(BuildContext 
context) {
  ^^^^^^
lib/core/widgets/common_wid
gets.dart:95:16: Error: 
Type 'BuildContext' not 
found.
  Widget 
build(BuildContext 
context) {
               ^^^^^^^^^^^^
lib/core/widgets/common_wid
gets.dart:122:3: Error: 
Type 'Widget' not found.
  Widget 
_buildSortOption(String 
title, bool isActive) {
  ^^^^^^
lib/core/widgets/common_wid
gets.dart:135:31: Error: 
Type 'BuildContext' not 
found.
Future<void> showLogoutDial
og(BuildContext context) 
async {
                           
   ^^^^^^^^^^^^
lib/core/route/app_rotuer.d
art:81:54: Error: Couldn't 
find constructor 
'Homeview'.
                  builder: 
(context, state) => const 
Homeview(),
                           
                          
^^^^^^^^
lib/core/route/app_rotuer.d
art:89:54: Error: A value 
of type 'CartView' can't 
be returned from a 
function with return type 
'Widget'.
 - 'CartView' is from 'pack
age:fruits_hub/features/car
t/presentation/view/CartVie
w.dart' ('lib/features/cart
/presentation/view/CartView
.dart').
 - 'Widget' is from 'packag
e:flutter/src/widgets/frame
work.dart' ('/C:/flutter/pa
ckages/flutter/lib/src/widg
ets/framework.dart').
                  builder: 
(context, state) => const 
CartView(),
                           
                          ^
lib/core/route/app_rotuer.d
art:97:54: Error: A value 
of type 'ProductsView' 
can't be returned from a 
function with return type 
'Widget'.
 - 'ProductsView' is from '
package:fruits_hub/features
/products/presentation/view
/ProductsView.dart' ('lib/f
eatures/products/presentati
on/view/ProductsView.dart')
.
 - 'Widget' is from 'packag
e:flutter/src/widgets/frame
work.dart' ('/C:/flutter/pa
ckages/flutter/lib/src/widg
ets/framework.dart').
                  builder: 
(context, state) => const 
ProductsView(),
                           
                          ^
lib/core/route/app_rotuer.d
art:105:54: Error: A value 
of type 'ProfileView' 
can't be returned from a 
function with return type 
'Widget'.
 - 'ProfileView' is from 'p
ackage:fruits_hub/features/
profile/presentation/view/P
rofileView.dart' ('lib/feat
ures/profile/presentation/v
iew/ProfileView.dart').
 - 'Widget' is from 'packag
e:flutter/src/widgets/frame
work.dart' ('/C:/flutter/pa
ckages/flutter/lib/src/widg
ets/framework.dart').
                  builder: 
(context, state) => const 
ProfileView(),
                           
                          ^
lib/core/route/app_rotuer.d
art:140:46: Error: A value 
of type 
'ProductDetailsView' can't 
be returned from a 
function with return type 
'Widget'.
 - 'ProductDetailsView' is 
from 'package:fruits_hub/fe
atures/products/presentatio
n/view/ProductDetailsView.d
art' ('lib/features/product
s/presentation/view/Product
DetailsView.dart').
 - 'Widget' is from 'packag
e:flutter/src/widgets/frame
work.dart' ('/C:/flutter/pa
ckages/flutter/lib/src/widg
ets/framework.dart').
          builder: 
(context, state) => const 
ProductDetailsView(),
                           
                  ^
lib/core/route/app_rotuer.d
art:148:46: Error: A value 
of type 'EditProfileView' 
can't be returned from a 
function with return type 
'Widget'.
 - 'EditProfileView' is 
from 'package:fruits_hub/fe
atures/profile/presentation
/view/EditProfileView.dart'
 ('lib/features/profile/pre
sentation/view/EditProfileV
iew.dart').
 - 'Widget' is from 'packag
e:flutter/src/widgets/frame
work.dart' ('/C:/flutter/pa
ckages/flutter/lib/src/widg
ets/framework.dart').
          builder: 
(context, state) => const 
EditProfileView(),
                           
                  ^
lib/core/route/app_rotuer.d
art:152:46: Error: A value 
of type 'OrdersView' can't 
be returned from a 
function with return type 
'Widget'.
 - 'OrdersView' is from 'pa
ckage:fruits_hub/features/p
rofile/presentation/view/Or
dersView.dart' ('lib/featur
es/profile/presentation/vie
w/OrdersView.dart').
 - 'Widget' is from 'packag
e:flutter/src/widgets/frame
work.dart' ('/C:/flutter/pa
ckages/flutter/lib/src/widg
ets/framework.dart').
          builder: 
(context, state) => const 
OrdersView(),
                           
                  ^
lib/core/route/app_rotuer.d
art:156:46: Error: A value 
of type 
'PaymentMethodsView' can't 
be returned from a 
function with return type 
'Widget'.
 - 'PaymentMethodsView' is 
from 'package:fruits_hub/fe
atures/profile/presentation
/view/PaymentMethodsView.da
rt' ('lib/features/profile/
presentation/view/PaymentMe
thodsView.dart').
 - 'Widget' is from 'packag
e:flutter/src/widgets/frame
work.dart' ('/C:/flutter/pa
ckages/flutter/lib/src/widg
ets/framework.dart').
          builder: 
(context, state) => const 
PaymentMethodsView(),
                           
                  ^
lib/core/route/app_rotuer.d
art:160:46: Error: A value 
of type 
'AddPaymentMethodView' 
can't be returned from a 
function with return type 
'Widget'.
 - 'AddPaymentMethodView' 
is from 'package:fruits_hub
/features/profile/presentat
ion/view/AddPaymentMethodVi
ew.dart' ('lib/features/pro
file/presentation/view/AddP
aymentMethodView.dart').
 - 'Widget' is from 'packag
e:flutter/src/widgets/frame
work.dart' ('/C:/flutter/pa
ckages/flutter/lib/src/widg
ets/framework.dart').
          builder: 
(context, state) => const 
AddPaymentMethodView(),
                           
                  ^
lib/features/home/presentat
ion/view/HomeView.dart:7:16
: Error: 'BuildContext' 
isn't a type.
  Widget 
build(BuildContext 
context) {
               ^^^^^^^^^^^^
lib/features/home/presentat
ion/view/HomeView.dart:10:1
9: Error: Not a constant 
expression.
      body: const SafeArea(
                  ^^^^^^^^
lib/features/home/presentat
ion/view/HomeView.dart:9:24
: Error: The getter 
'AppColors' isn't defined 
for the type 'HomeView'.
 - 'HomeView' is from 'pack
age:fruits_hub/features/hom
e/presentation/view/HomeVie
w.dart' ('lib/features/home
/presentation/view/HomeView
.dart').
Try correcting the name to 
the name of an existing 
getter, or defining a 
getter or field named 
'AppColors'.
      backgroundColor: AppC
olors.scaffoldBackground,
                       
^^^^^^^^^
lib/features/home/presentat
ion/view/HomeView.dart:8:12
: Error: The method 
'Scaffold' isn't defined 
for the type 'HomeView'.
 - 'HomeView' is from 'pack
age:fruits_hub/features/hom
e/presentation/view/HomeVie
w.dart' ('lib/features/home
/presentation/view/HomeView
.dart').
Try correcting the name to 
the name of an existing 
method, or defining a 
method named 'Scaffold'.
    return Scaffold(
           ^^^^^^^^
lib/features/home/presentat
ion/view/MainView.dart:14:2
8: Error: The argument 
type 'BottomNavBar' can't 
be assigned to the 
parameter type 'Widget?'.
 - 'BottomNavBar' is from '
package:fruits_hub/features
/home/presentation/view/wid
gets/BottomNavBar.dart' ('l
ib/features/home/presentati
on/view/widgets/BottomNavBa
r.dart').
 - 'Widget' is from 'packag
e:flutter/src/widgets/frame
work.dart' ('/C:/flutter/pa
ckages/flutter/lib/src/widg
ets/framework.dart').
      bottomNavigationBar: 
BottomNavBar(
                           
^
lib/features/products/prese
ntation/view/ProductsView.d
art:8:16: Error: 
'BuildContext' isn't a 
type.
  Widget 
build(BuildContext 
context) {
               ^^^^^^^^^^^^
lib/features/products/prese
ntation/view/ProductsView.d
art:12:18: Error: The 
method 'ProductEntity' 
isn't defined for the type 
'ProductsView'.
 - 'ProductsView' is from '
package:fruits_hub/features
/products/presentation/view
/ProductsView.dart' ('lib/f
eatures/products/presentati
on/view/ProductsView.dart')
.
Try correcting the name to 
the name of an existing 
method, or defining a 
method named 
'ProductEntity'.
      (index) => 
ProductEntity(
                 
^^^^^^^^^^^^^
lib/features/products/prese
ntation/view/ProductsView.d
art:28:24: Error: The 
getter 'AppColors' isn't 
defined for the type 
'ProductsView'.
 - 'ProductsView' is from '
package:fruits_hub/features
/products/presentation/view
/ProductsView.dart' ('lib/f
eatures/products/presentati
on/view/ProductsView.dart')
.
Try correcting the name to 
the name of an existing 
getter, or defining a 
getter or field named 
'AppColors'.
      backgroundColor: AppC
olors.scaffoldBackground,
                       
^^^^^^^^^
lib/features/products/prese
ntation/view/ProductsView.d
art:30:21: Error: The 
getter 'AppStrings' isn't 
defined for the type 
'ProductsView'.
 - 'ProductsView' is from '
package:fruits_hub/features
/products/presentation/view
/ProductsView.dart' ('lib/f
eatures/products/presentati
on/view/ProductsView.dart')
.
Try correcting the name to 
the name of an existing 
getter, or defining a 
getter or field named 
'AppStrings'.
        title: 
Text(AppStrings.products,
                    
^^^^^^^^^^
lib/features/products/prese
ntation/view/ProductsView.d
art:31:20: Error: The 
getter 'CustomTextStyles' 
isn't defined for the type 
'ProductsView'.
 - 'ProductsView' is from '
package:fruits_hub/features
/products/presentation/view
/ProductsView.dart' ('lib/f
eatures/products/presentati
on/view/ProductsView.dart')
.
Try correcting the name to 
the name of an existing 
getter, or defining a 
getter or field named 
'CustomTextStyles'.
            style: CustomTe
xtStyles.Cairo600style13.co
pyWith(color: 
AppColors.black)),
                   
^^^^^^^^^^^^^^^^
lib/features/products/prese
ntation/view/ProductsView.d
art:31:69: Error: The 
getter 'AppColors' isn't 
defined for the type 
'ProductsView'.
 - 'ProductsView' is from '
package:fruits_hub/features
/products/presentation/view
/ProductsView.dart' ('lib/f
eatures/products/presentati
on/view/ProductsView.dart')
.
Try correcting the name to 
the name of an existing 
getter, or defining a 
getter or field named 
'AppColors'.
            style: CustomTe
xtStyles.Cairo600style13.co
pyWith(color: 
AppColors.black)),
                           
                           
              ^^^^^^^^^
lib/features/products/prese
ntation/view/ProductsView.d
art:30:16: Error: The 
method 'Text' isn't 
defined for the type 
'ProductsView'.
 - 'ProductsView' is from '
package:fruits_hub/features
/products/presentation/view
/ProductsView.dart' ('lib/f
eatures/products/presentati
on/view/ProductsView.dart')
.
Try correcting the name to 
the name of an existing 
method, or defining a 
method named 'Text'.
        title: 
Text(AppStrings.products,
               ^^^^
lib/features/products/prese
ntation/view/ProductsView.d
art:33:26: Error: The 
getter 'AppColors' isn't 
defined for the type 
'ProductsView'.
 - 'ProductsView' is from '
package:fruits_hub/features
/products/presentation/view
/ProductsView.dart' ('lib/f
eatures/products/presentati
on/view/ProductsView.dart')
.
Try correcting the name to 
the name of an existing 
getter, or defining a 
getter or field named 
'AppColors'.
        backgroundColor: 
AppColors.white,
                         
^^^^^^^^^
lib/features/products/prese
ntation/view/ProductsView.d
art:29:15: Error: The 
method 'AppBar' isn't 
defined for the type 
'ProductsView'.
 - 'ProductsView' is from '
package:fruits_hub/features
/products/presentation/view
/ProductsView.dart' ('lib/f
eatures/products/presentati
on/view/ProductsView.dart')
.
Try correcting the name to 
the name of an existing 
method, or defining a 
method named 'AppBar'.
      appBar: AppBar(
              ^^^^^^
lib/features/products/prese
ntation/view/ProductsView.d
art:39:40: Error: The 
argument type 
'List<dynamic>' can't be 
assigned to the parameter 
type 'List<ProductEntity>'.
 - 'List' is from 
'dart:core'.
 - 'ProductEntity' is from 
'package:fruits_hub/core/en
tities/product_entity.dart'
 ('lib/core/entities/produc
t_entity.dart').
      body: 
ProductsViewBody(products: 
products),
                           
            ^
lib/features/products/prese
ntation/view/ProductsView.d
art:27:12: Error: The 
method 'Scaffold' isn't 
defined for the type 
'ProductsView'.
 - 'ProductsView' is from '
package:fruits_hub/features
/products/presentation/view
/ProductsView.dart' ('lib/f
eatures/products/presentati
on/view/ProductsView.dart')
.
Try correcting the name to 
the name of an existing 
method, or defining a 
method named 'Scaffold'.
    return Scaffold(
           ^^^^^^^^
lib/features/products/prese
ntation/view/ProductDetails
View.dart:7:16: Error: 
'BuildContext' isn't a 
type.
  Widget 
build(BuildContext 
context) {
               ^^^^^^^^^^^^
lib/features/products/prese
ntation/view/ProductDetails
View.dart:9:24: Error: The 
getter 'AppColors' isn't 
defined for the type 
'ProductDetailsView'.
 - 'ProductDetailsView' is 
from 'package:fruits_hub/fe
atures/products/presentatio
n/view/ProductDetailsView.d
art' ('lib/features/product
s/presentation/view/Product
DetailsView.dart').
Try correcting the name to 
the name of an existing 
getter, or defining a 
getter or field named 
'AppColors'.
      backgroundColor: 
AppColors.white,
                       
^^^^^^^^^
lib/features/products/prese
ntation/view/ProductDetails
View.dart:11:21: Error: 
The getter 'AppStrings' 
isn't defined for the type 
'ProductDetailsView'.
 - 'ProductDetailsView' is 
from 'package:fruits_hub/fe
atures/products/presentatio
n/view/ProductDetailsView.d
art' ('lib/features/product
s/presentation/view/Product
DetailsView.dart').
Try correcting the name to 
the name of an existing 
getter, or defining a 
getter or field named 
'AppStrings'.
        title: Text(AppStri
ngs.productDetails,
                    
^^^^^^^^^^
lib/features/products/prese
ntation/view/ProductDetails
View.dart:12:20: Error: 
The getter 
'CustomTextStyles' isn't 
defined for the type 
'ProductDetailsView'.
 - 'ProductDetailsView' is 
from 'package:fruits_hub/fe
atures/products/presentatio
n/view/ProductDetailsView.d
art' ('lib/features/product
s/presentation/view/Product
DetailsView.dart').
Try correcting the name to 
the name of an existing 
getter, or defining a 
getter or field named 
'CustomTextStyles'.
            style: CustomTe
xtStyles.Cairo600style13.co
pyWith(color: 
AppColors.black)),
                   
^^^^^^^^^^^^^^^^
lib/features/products/prese
ntation/view/ProductDetails
View.dart:12:69: Error: 
The getter 'AppColors' 
isn't defined for the type 
'ProductDetailsView'.
 - 'ProductDetailsView' is 
from 'package:fruits_hub/fe
atures/products/presentatio
n/view/ProductDetailsView.d
art' ('lib/features/product
s/presentation/view/Product
DetailsView.dart').
Try correcting the name to 
the name of an existing 
getter, or defining a 
getter or field named 
'AppColors'.
            style: CustomTe
xtStyles.Cairo600style13.co
pyWith(color: 
AppColors.black)),
                           
                           
              ^^^^^^^^^
lib/features/products/prese
ntation/view/ProductDetails
View.dart:11:16: Error: 
The method 'Text' isn't 
defined for the type 
'ProductDetailsView'.
 - 'ProductDetailsView' is 
from 'package:fruits_hub/fe
atures/products/presentatio
n/view/ProductDetailsView.d
art' ('lib/features/product
s/presentation/view/Product
DetailsView.dart').
Try correcting the name to 
the name of an existing 
method, or defining a 
method named 'Text'.
        title: Text(AppStri
ngs.productDetails,
               ^^^^
lib/features/products/prese
ntation/view/ProductDetails
View.dart:14:26: Error: 
The getter 'AppColors' 
isn't defined for the type 
'ProductDetailsView'.
 - 'ProductDetailsView' is 
from 'package:fruits_hub/fe
atures/products/presentatio
n/view/ProductDetailsView.d
art' ('lib/features/product
s/presentation/view/Product
DetailsView.dart').
Try correcting the name to 
the name of an existing 
getter, or defining a 
getter or field named 
'AppColors'.
        backgroundColor: 
AppColors.white,
                         
^^^^^^^^^
lib/features/products/prese
ntation/view/ProductDetails
View.dart:18:22: Error: 
The getter 'Icons' isn't 
defined for the type 
'ProductDetailsView'.
 - 'ProductDetailsView' is 
from 'package:fruits_hub/fe
atures/products/presentatio
n/view/ProductDetailsView.d
art' ('lib/features/product
s/presentation/view/Product
DetailsView.dart').
Try correcting the name to 
the name of an existing 
getter, or defining a 
getter or field named 
'Icons'.
          icon: 
Icon(Icons.arrow_back_ios, 
color: AppColors.black),
                     ^^^^^
lib/features/products/prese
ntation/view/ProductDetails
View.dart:18:51: Error: 
The getter 'AppColors' 
isn't defined for the type 
'ProductDetailsView'.
 - 'ProductDetailsView' is 
from 'package:fruits_hub/fe
atures/products/presentatio
n/view/ProductDetailsView.d
art' ('lib/features/product
s/presentation/view/Product
DetailsView.dart').
Try correcting the name to 
the name of an existing 
getter, or defining a 
getter or field named 
'AppColors'.
          icon: 
Icon(Icons.arrow_back_ios, 
color: AppColors.black),
                           
                       
^^^^^^^^^
lib/features/products/prese
ntation/view/ProductDetails
View.dart:18:17: Error: 
The method 'Icon' isn't 
defined for the type 
'ProductDetailsView'.
 - 'ProductDetailsView' is 
from 'package:fruits_hub/fe
atures/products/presentatio
n/view/ProductDetailsView.d
art' ('lib/features/product
s/presentation/view/Product
DetailsView.dart').
Try correcting the name to 
the name of an existing 
method, or defining a 
method named 'Icon'.
          icon: 
Icon(Icons.arrow_back_ios, 
color: AppColors.black),
                ^^^^
lib/features/products/prese
ntation/view/ProductDetails
View.dart:17:28: Error: 
The getter 'Navigator' 
isn't defined for the type 
'ProductDetailsView'.
 - 'ProductDetailsView' is 
from 'package:fruits_hub/fe
atures/products/presentatio
n/view/ProductDetailsView.d
art' ('lib/features/product
s/presentation/view/Product
DetailsView.dart').
Try correcting the name to 
the name of an existing 
getter, or defining a 
getter or field named 
'Navigator'.
          onPressed: () => 
Navigator.pop(context),
                           
^^^^^^^^^
lib/features/products/prese
ntation/view/ProductDetails
View.dart:16:18: Error: 
The method 'IconButton' 
isn't defined for the type 
'ProductDetailsView'.
 - 'ProductDetailsView' is 
from 'package:fruits_hub/fe
atures/products/presentatio
n/view/ProductDetailsView.d
art' ('lib/features/product
s/presentation/view/Product
DetailsView.dart').
Try correcting the name to 
the name of an existing 
method, or defining a 
method named 'IconButton'.
        leading: 
IconButton(
                 ^^^^^^^^^^
lib/features/products/prese
ntation/view/ProductDetails
View.dart:10:15: Error: 
The method 'AppBar' isn't 
defined for the type 
'ProductDetailsView'.
 - 'ProductDetailsView' is 
from 'package:fruits_hub/fe
atures/products/presentatio
n/view/ProductDetailsView.d
art' ('lib/features/product
s/presentation/view/Product
DetailsView.dart').
Try correcting the name to 
the name of an existing 
method, or defining a 
method named 'AppBar'.
      appBar: AppBar(
              ^^^^^^
lib/features/products/prese
ntation/view/ProductDetails
View.dart:8:12: Error: The 
method 'Scaffold' isn't 
defined for the type 
'ProductDetailsView'.
 - 'ProductDetailsView' is 
from 'package:fruits_hub/fe
atures/products/presentatio
n/view/ProductDetailsView.d
art' ('lib/features/product
s/presentation/view/Product
DetailsView.dart').
Try correcting the name to 
the name of an existing 
method, or defining a 
method named 'Scaffold'.
    return Scaffold(
           ^^^^^^^^
lib/features/cart/presentat
ion/view/CartView.dart:7:16
: Error: 'BuildContext' 
isn't a type.
  Widget 
build(BuildContext 
context) {
               ^^^^^^^^^^^^
lib/features/cart/presentat
ion/view/CartView.dart:9:24
: Error: The getter 
'AppColors' isn't defined 
for the type 'CartView'.
 - 'CartView' is from 'pack
age:fruits_hub/features/car
t/presentation/view/CartVie
w.dart' ('lib/features/cart
/presentation/view/CartView
.dart').
Try correcting the name to 
the name of an existing 
getter, or defining a 
getter or field named 
'AppColors'.
      backgroundColor: AppC
olors.scaffoldBackground,
                       
^^^^^^^^^
lib/features/cart/presentat
ion/view/CartView.dart:11:2
1: Error: The getter 
'AppStrings' isn't defined 
for the type 'CartView'.
 - 'CartView' is from 'pack
age:fruits_hub/features/car
t/presentation/view/CartVie
w.dart' ('lib/features/cart
/presentation/view/CartView
.dart').
Try correcting the name to 
the name of an existing 
getter, or defining a 
getter or field named 
'AppStrings'.
        title: 
Text(AppStrings.cart,
                    
^^^^^^^^^^
lib/features/cart/presentat
ion/view/CartView.dart:12:2
0: Error: The getter 
'CustomTextStyles' isn't 
defined for the type 
'CartView'.
 - 'CartView' is from 'pack
age:fruits_hub/features/car
t/presentation/view/CartVie
w.dart' ('lib/features/cart
/presentation/view/CartView
.dart').
Try correcting the name to 
the name of an existing 
getter, or defining a 
getter or field named 
'CustomTextStyles'.
            style: CustomTe
xtStyles.Cairo600style13.co
pyWith(color: 
AppColors.black)),
                   
^^^^^^^^^^^^^^^^
lib/features/cart/presentat
ion/view/CartView.dart:12:6
9: Error: The getter 
'AppColors' isn't defined 
for the type 'CartView'.
 - 'CartView' is from 'pack
age:fruits_hub/features/car
t/presentation/view/CartVie
w.dart' ('lib/features/cart
/presentation/view/CartView
.dart').
Try correcting the name to 
the name of an existing 
getter, or defining a 
getter or field named 
'AppColors'.
            style: CustomTe
xtStyles.Cairo600style13.co
pyWith(color: 
AppColors.black)),
                           
                           
              ^^^^^^^^^
lib/features/cart/presentat
ion/view/CartView.dart:11:1
6: Error: The method 
'Text' isn't defined for 
the type 'CartView'.
 - 'CartView' is from 'pack
age:fruits_hub/features/car
t/presentation/view/CartVie
w.dart' ('lib/features/cart
/presentation/view/CartView
.dart').
Try correcting the name to 
the name of an existing 
method, or defining a 
method named 'Text'.
        title: 
Text(AppStrings.cart,
               ^^^^
lib/features/cart/presentat
ion/view/CartView.dart:14:2
6: Error: The getter 
'AppColors' isn't defined 
for the type 'CartView'.
 - 'CartView' is from 'pack
age:fruits_hub/features/car
t/presentation/view/CartVie
w.dart' ('lib/features/cart
/presentation/view/CartView
.dart').
Try correcting the name to 
the name of an existing 
getter, or defining a 
getter or field named 
'AppColors'.
        backgroundColor: 
AppColors.white,
                         
^^^^^^^^^
lib/features/cart/presentat
ion/view/CartView.dart:10:1
5: Error: The method 
'AppBar' isn't defined for 
the type 'CartView'.
 - 'CartView' is from 'pack
age:fruits_hub/features/car
t/presentation/view/CartVie
w.dart' ('lib/features/cart
/presentation/view/CartView
.dart').
Try correcting the name to 
the name of an existing 
method, or defining a 
method named 'AppBar'.
      appBar: AppBar(
              ^^^^^^
lib/features/cart/presentat
ion/view/CartView.dart:8:12
: Error: The method 
'Scaffold' isn't defined 
for the type 'CartView'.
 - 'CartView' is from 'pack
age:fruits_hub/features/car
t/presentation/view/CartVie
w.dart' ('lib/features/cart
/presentation/view/CartView
.dart').
Try correcting the name to 
the name of an existing 
method, or defining a 
method named 'Scaffold'.
    return Scaffold(
           ^^^^^^^^
lib/features/checkout/prese
ntation/view/CheckoutView.d
art:60:20: Error: The 
method 'CustomBtn' isn't 
defined for the type 
'_CheckoutViewState'.
 - '_CheckoutViewState' is 
from 'package:fruits_hub/fe
atures/checkout/presentatio
n/view/CheckoutView.dart' (
'lib/features/checkout/pres
entation/view/CheckoutView.
dart').
Try correcting the name to 
the name of an existing 
method, or defining a 
method named 'CustomBtn'.
            child: 
CustomBtn(
                   
^^^^^^^^^
lib/features/profile/presen
tation/view/ProfileView.dar
t:7:16: Error: 
'BuildContext' isn't a 
type.
  Widget 
build(BuildContext 
context) {
               ^^^^^^^^^^^^
lib/features/profile/presen
tation/view/ProfileView.dar
t:9:24: Error: The getter 
'AppColors' isn't defined 
for the type 'ProfileView'.
 - 'ProfileView' is from 'p
ackage:fruits_hub/features/
profile/presentation/view/P
rofileView.dart' ('lib/feat
ures/profile/presentation/v
iew/ProfileView.dart').
Try correcting the name to 
the name of an existing 
getter, or defining a 
getter or field named 
'AppColors'.
      backgroundColor: AppC
olors.scaffoldBackground,
                       
^^^^^^^^^
lib/features/profile/presen
tation/view/ProfileView.dar
t:11:21: Error: The getter 
'AppStrings' isn't defined 
for the type 'ProfileView'.
 - 'ProfileView' is from 'p
ackage:fruits_hub/features/
profile/presentation/view/P
rofileView.dart' ('lib/feat
ures/profile/presentation/v
iew/ProfileView.dart').
Try correcting the name to 
the name of an existing 
getter, or defining a 
getter or field named 
'AppStrings'.
        title: 
Text(AppStrings.profile,
                    
^^^^^^^^^^
lib/features/profile/presen
tation/view/ProfileView.dar
t:12:20: Error: The getter 
'CustomTextStyles' isn't 
defined for the type 
'ProfileView'.
 - 'ProfileView' is from 'p
ackage:fruits_hub/features/
profile/presentation/view/P
rofileView.dart' ('lib/feat
ures/profile/presentation/v
iew/ProfileView.dart').
Try correcting the name to 
the name of an existing 
getter, or defining a 
getter or field named 
'CustomTextStyles'.
            style: CustomTe
xtStyles.Cairo600style13.co
pyWith(color: 
AppColors.black)),
                   
^^^^^^^^^^^^^^^^
lib/features/profile/presen
tation/view/ProfileView.dar
t:12:69: Error: The getter 
'AppColors' isn't defined 
for the type 'ProfileView'.
 - 'ProfileView' is from 'p
ackage:fruits_hub/features/
profile/presentation/view/P
rofileView.dart' ('lib/feat
ures/profile/presentation/v
iew/ProfileView.dart').
Try correcting the name to 
the name of an existing 
getter, or defining a 
getter or field named 
'AppColors'.
            style: CustomTe
xtStyles.Cairo600style13.co
pyWith(color: 
AppColors.black)),
                           
                           
              ^^^^^^^^^
lib/features/profile/presen
tation/view/ProfileView.dar
t:11:16: Error: The method 
'Text' isn't defined for 
the type 'ProfileView'.
 - 'ProfileView' is from 'p
ackage:fruits_hub/features/
profile/presentation/view/P
rofileView.dart' ('lib/feat
ures/profile/presentation/v
iew/ProfileView.dart').
Try correcting the name to 
the name of an existing 
method, or defining a 
method named 'Text'.
        title: 
Text(AppStrings.profile,
               ^^^^
lib/features/profile/presen
tation/view/ProfileView.dar
t:14:26: Error: The getter 
'AppColors' isn't defined 
for the type 'ProfileView'.
 - 'ProfileView' is from 'p
ackage:fruits_hub/features/
profile/presentation/view/P
rofileView.dart' ('lib/feat
ures/profile/presentation/v
iew/ProfileView.dart').
Try correcting the name to 
the name of an existing 
getter, or defining a 
getter or field named 
'AppColors'.
        backgroundColor: 
AppColors.white,
                         
^^^^^^^^^
lib/features/profile/presen
tation/view/ProfileView.dar
t:10:15: Error: The method 
'AppBar' isn't defined for 
the type 'ProfileView'.
 - 'ProfileView' is from 'p
ackage:fruits_hub/features/
profile/presentation/view/P
rofileView.dart' ('lib/feat
ures/profile/presentation/v
iew/ProfileView.dart').
Try correcting the name to 
the name of an existing 
method, or defining a 
method named 'AppBar'.
      appBar: AppBar(
              ^^^^^^
lib/features/profile/presen
tation/view/ProfileView.dar
t:8:12: Error: The method 
'Scaffold' isn't defined 
for the type 'ProfileView'.
 - 'ProfileView' is from 'p
ackage:fruits_hub/features/
profile/presentation/view/P
rofileView.dart' ('lib/feat
ures/profile/presentation/v
iew/ProfileView.dart').
Try correcting the name to 
the name of an existing 
method, or defining a 
method named 'Scaffold'.
    return Scaffold(
           ^^^^^^^^
lib/features/profile/presen
tation/view/EditProfileView
.dart:7:16: Error: 
'BuildContext' isn't a 
type.
  Widget 
build(BuildContext 
context) {
               ^^^^^^^^^^^^
lib/features/profile/presen
tation/view/EditProfileView
.dart:9:24: Error: The 
getter 'AppColors' isn't 
defined for the type 
'EditProfileView'.
 - 'EditProfileView' is 
from 'package:fruits_hub/fe
atures/profile/presentation
/view/EditProfileView.dart'
 ('lib/features/profile/pre
sentation/view/EditProfileV
iew.dart').
Try correcting the name to 
the name of an existing 
getter, or defining a 
getter or field named 
'AppColors'.
      backgroundColor: 
AppColors.white,
                       
^^^^^^^^^
lib/features/profile/presen
tation/view/EditProfileView
.dart:11:21: Error: The 
getter 'AppStrings' isn't 
defined for the type 
'EditProfileView'.
 - 'EditProfileView' is 
from 'package:fruits_hub/fe
atures/profile/presentation
/view/EditProfileView.dart'
 ('lib/features/profile/pre
sentation/view/EditProfileV
iew.dart').
Try correcting the name to 
the name of an existing 
getter, or defining a 
getter or field named 
'AppStrings'.
        title: Text(AppStri
ngs.editProfile,
                    
^^^^^^^^^^
lib/features/profile/presen
tation/view/EditProfileView
.dart:12:20: Error: The 
getter 'CustomTextStyles' 
isn't defined for the type 
'EditProfileView'.
 - 'EditProfileView' is 
from 'package:fruits_hub/fe
atures/profile/presentation
/view/EditProfileView.dart'
 ('lib/features/profile/pre
sentation/view/EditProfileV
iew.dart').
Try correcting the name to 
the name of an existing 
getter, or defining a 
getter or field named 
'CustomTextStyles'.
            style: CustomTe
xtStyles.Cairo600style13.co
pyWith(color: 
AppColors.black)),
                   
^^^^^^^^^^^^^^^^
lib/features/profile/presen
tation/view/EditProfileView
.dart:12:69: Error: The 
getter 'AppColors' isn't 
defined for the type 
'EditProfileView'.
 - 'EditProfileView' is 
from 'package:fruits_hub/fe
atures/profile/presentation
/view/EditProfileView.dart'
 ('lib/features/profile/pre
sentation/view/EditProfileV
iew.dart').
Try correcting the name to 
the name of an existing 
getter, or defining a 
getter or field named 
'AppColors'.
            style: CustomTe
xtStyles.Cairo600style13.co
pyWith(color: 
AppColors.black)),
                           
                           
              ^^^^^^^^^
lib/features/profile/presen
tation/view/EditProfileView
.dart:11:16: Error: The 
method 'Text' isn't 
defined for the type 
'EditProfileView'.
 - 'EditProfileView' is 
from 'package:fruits_hub/fe
atures/profile/presentation
/view/EditProfileView.dart'
 ('lib/features/profile/pre
sentation/view/EditProfileV
iew.dart').
Try correcting the name to 
the name of an existing 
method, or defining a 
method named 'Text'.
        title: Text(AppStri
ngs.editProfile,
               ^^^^
lib/features/profile/presen
tation/view/EditProfileView
.dart:14:26: Error: The 
getter 'AppColors' isn't 
defined for the type 
'EditProfileView'.
 - 'EditProfileView' is 
from 'package:fruits_hub/fe
atures/profile/presentation
/view/EditProfileView.dart'
 ('lib/features/profile/pre
sentation/view/EditProfileV
iew.dart').
Try correcting the name to 
the name of an existing 
getter, or defining a 
getter or field named 
'AppColors'.
        backgroundColor: 
AppColors.white,
                         
^^^^^^^^^
lib/features/profile/presen
tation/view/EditProfileView
.dart:18:22: Error: The 
getter 'Icons' isn't 
defined for the type 
'EditProfileView'.
 - 'EditProfileView' is 
from 'package:fruits_hub/fe
atures/profile/presentation
/view/EditProfileView.dart'
 ('lib/features/profile/pre
sentation/view/EditProfileV
iew.dart').
Try correcting the name to 
the name of an existing 
getter, or defining a 
getter or field named 
'Icons'.
          icon: 
Icon(Icons.arrow_back_ios, 
color: AppColors.black),
                     ^^^^^
lib/features/profile/presen
tation/view/EditProfileView
.dart:18:51: Error: The 
getter 'AppColors' isn't 
defined for the type 
'EditProfileView'.
 - 'EditProfileView' is 
from 'package:fruits_hub/fe
atures/profile/presentation
/view/EditProfileView.dart'
 ('lib/features/profile/pre
sentation/view/EditProfileV
iew.dart').
Try correcting the name to 
the name of an existing 
getter, or defining a 
getter or field named 
'AppColors'.
          icon: 
Icon(Icons.arrow_back_ios, 
color: AppColors.black),
                           
                       
^^^^^^^^^
lib/features/profile/presen
tation/view/EditProfileView
.dart:18:17: Error: The 
method 'Icon' isn't 
defined for the type 
'EditProfileView'.
 - 'EditProfileView' is 
from 'package:fruits_hub/fe
atures/profile/presentation
/view/EditProfileView.dart'
 ('lib/features/profile/pre
sentation/view/EditProfileV
iew.dart').
Try correcting the name to 
the name of an existing 
method, or defining a 
method named 'Icon'.
          icon: 
Icon(Icons.arrow_back_ios, 
color: AppColors.black),
                ^^^^
lib/features/profile/presen
tation/view/EditProfileView
.dart:17:28: Error: The 
getter 'Navigator' isn't 
defined for the type 
'EditProfileView'.
 - 'EditProfileView' is 
from 'package:fruits_hub/fe
atures/profile/presentation
/view/EditProfileView.dart'
 ('lib/features/profile/pre
sentation/view/EditProfileV
iew.dart').
Try correcting the name to 
the name of an existing 
getter, or defining a 
getter or field named 
'Navigator'.
          onPressed: () => 
Navigator.pop(context),
                           
^^^^^^^^^
lib/features/profile/presen
tation/view/EditProfileView
.dart:16:18: Error: The 
method 'IconButton' isn't 
defined for the type 
'EditProfileView'.
 - 'EditProfileView' is 
from 'package:fruits_hub/fe
atures/profile/presentation
/view/EditProfileView.dart'
 ('lib/features/profile/pre
sentation/view/EditProfileV
iew.dart').
Try correcting the name to 
the name of an existing 
method, or defining a 
method named 'IconButton'.
        leading: 
IconButton(
                 ^^^^^^^^^^
lib/features/profile/presen
tation/view/EditProfileView
.dart:10:15: Error: The 
method 'AppBar' isn't 
defined for the type 
'EditProfileView'.
 - 'EditProfileView' is 
from 'package:fruits_hub/fe
atures/profile/presentation
/view/EditProfileView.dart'
 ('lib/features/profile/pre
sentation/view/EditProfileV
iew.dart').
Try correcting the name to 
the name of an existing 
method, or defining a 
method named 'AppBar'.
      appBar: AppBar(
              ^^^^^^
lib/features/profile/presen
tation/view/EditProfileView
.dart:8:12: Error: The 
method 'Scaffold' isn't 
defined for the type 
'EditProfileView'.
 - 'EditProfileView' is 
from 'package:fruits_hub/fe
atures/profile/presentation
/view/EditProfileView.dart'
 ('lib/features/profile/pre
sentation/view/EditProfileV
iew.dart').
Try correcting the name to 
the name of an existing 
method, or defining a 
method named 'Scaffold'.
    return Scaffold(
           ^^^^^^^^
lib/features/profile/presen
tation/view/OrdersView.dart
:7:16: Error: 
'BuildContext' isn't a 
type.
  Widget 
build(BuildContext 
context) {
               ^^^^^^^^^^^^
lib/features/profile/presen
tation/view/OrdersView.dart
:9:24: Error: The getter 
'AppColors' isn't defined 
for the type 'OrdersView'.
 - 'OrdersView' is from 'pa
ckage:fruits_hub/features/p
rofile/presentation/view/Or
dersView.dart' ('lib/featur
es/profile/presentation/vie
w/OrdersView.dart').
Try correcting the name to 
the name of an existing 
getter, or defining a 
getter or field named 
'AppColors'.
      backgroundColor: AppC
olors.scaffoldBackground,
                       
^^^^^^^^^
lib/features/profile/presen
tation/view/OrdersView.dart
:11:21: Error: The getter 
'AppStrings' isn't defined 
for the type 'OrdersView'.
 - 'OrdersView' is from 'pa
ckage:fruits_hub/features/p
rofile/presentation/view/Or
dersView.dart' ('lib/featur
es/profile/presentation/vie
w/OrdersView.dart').
Try correcting the name to 
the name of an existing 
getter, or defining a 
getter or field named 
'AppStrings'.
        title: 
Text(AppStrings.myOrders,
                    
^^^^^^^^^^
lib/features/profile/presen
tation/view/OrdersView.dart
:12:20: Error: The getter 
'CustomTextStyles' isn't 
defined for the type 
'OrdersView'.
 - 'OrdersView' is from 'pa
ckage:fruits_hub/features/p
rofile/presentation/view/Or
dersView.dart' ('lib/featur
es/profile/presentation/vie
w/OrdersView.dart').
Try correcting the name to 
the name of an existing 
getter, or defining a 
getter or field named 
'CustomTextStyles'.
            style: CustomTe
xtStyles.Cairo600style13.co
pyWith(color: 
AppColors.black)),
                   
^^^^^^^^^^^^^^^^
lib/features/profile/presen
tation/view/OrdersView.dart
:12:69: Error: The getter 
'AppColors' isn't defined 
for the type 'OrdersView'.
 - 'OrdersView' is from 'pa
ckage:fruits_hub/features/p
rofile/presentation/view/Or
dersView.dart' ('lib/featur
es/profile/presentation/vie
w/OrdersView.dart').
Try correcting the name to 
the name of an existing 
getter, or defining a 
getter or field named 
'AppColors'.
            style: CustomTe
xtStyles.Cairo600style13.co
pyWith(color: 
AppColors.black)),
                           
                           
              ^^^^^^^^^
lib/features/profile/presen
tation/view/OrdersView.dart
:11:16: Error: The method 
'Text' isn't defined for 
the type 'OrdersView'.
 - 'OrdersView' is from 'pa
ckage:fruits_hub/features/p
rofile/presentation/view/Or
dersView.dart' ('lib/featur
es/profile/presentation/vie
w/OrdersView.dart').
Try correcting the name to 
the name of an existing 
method, or defining a 
method named 'Text'.
        title: 
Text(AppStrings.myOrders,
               ^^^^
lib/features/profile/presen
tation/view/OrdersView.dart
:14:26: Error: The getter 
'AppColors' isn't defined 
for the type 'OrdersView'.
 - 'OrdersView' is from 'pa
ckage:fruits_hub/features/p
rofile/presentation/view/Or
dersView.dart' ('lib/featur
es/profile/presentation/vie
w/OrdersView.dart').
Try correcting the name to 
the name of an existing 
getter, or defining a 
getter or field named 
'AppColors'.
        backgroundColor: 
AppColors.white,
                         
^^^^^^^^^
lib/features/profile/presen
tation/view/OrdersView.dart
:18:22: Error: The getter 
'Icons' isn't defined for 
the type 'OrdersView'.
 - 'OrdersView' is from 'pa
ckage:fruits_hub/features/p
rofile/presentation/view/Or
dersView.dart' ('lib/featur
es/profile/presentation/vie
w/OrdersView.dart').
Try correcting the name to 
the name of an existing 
getter, or defining a 
getter or field named 
'Icons'.
          icon: 
Icon(Icons.arrow_back_ios, 
color: AppColors.black),
                     ^^^^^
lib/features/profile/presen
tation/view/OrdersView.dart
:18:51: Error: The getter 
'AppColors' isn't defined 
for the type 'OrdersView'.
 - 'OrdersView' is from 'pa
ckage:fruits_hub/features/p
rofile/presentation/view/Or
dersView.dart' ('lib/featur
es/profile/presentation/vie
w/OrdersView.dart').
Try correcting the name to 
the name of an existing 
getter, or defining a 
getter or field named 
'AppColors'.
          icon: 
Icon(Icons.arrow_back_ios, 
color: AppColors.black),
                           
                       
^^^^^^^^^
lib/features/profile/presen
tation/view/OrdersView.dart
:18:17: Error: The method 
'Icon' isn't defined for 
the type 'OrdersView'.
 - 'OrdersView' is from 'pa
ckage:fruits_hub/features/p
rofile/presentation/view/Or
dersView.dart' ('lib/featur
es/profile/presentation/vie
w/OrdersView.dart').
Try correcting the name to 
the name of an existing 
method, or defining a 
method named 'Icon'.
          icon: 
Icon(Icons.arrow_back_ios, 
color: AppColors.black),
                ^^^^
lib/features/profile/presen
tation/view/OrdersView.dart
:17:28: Error: The getter 
'Navigator' isn't defined 
for the type 'OrdersView'.
 - 'OrdersView' is from 'pa
ckage:fruits_hub/features/p
rofile/presentation/view/Or
dersView.dart' ('lib/featur
es/profile/presentation/vie
w/OrdersView.dart').
Try correcting the name to 
the name of an existing 
getter, or defining a 
getter or field named 
'Navigator'.
          onPressed: () => 
Navigator.pop(context),
                           
^^^^^^^^^
lib/features/profile/presen
tation/view/OrdersView.dart
:16:18: Error: The method 
'IconButton' isn't defined 
for the type 'OrdersView'.
 - 'OrdersView' is from 'pa
ckage:fruits_hub/features/p
rofile/presentation/view/Or
dersView.dart' ('lib/featur
es/profile/presentation/vie
w/OrdersView.dart').
Try correcting the name to 
the name of an existing 
method, or defining a 
method named 'IconButton'.
        leading: 
IconButton(
                 ^^^^^^^^^^
lib/features/profile/presen
tation/view/OrdersView.dart
:10:15: Error: The method 
'AppBar' isn't defined for 
the type 'OrdersView'.
 - 'OrdersView' is from 'pa
ckage:fruits_hub/features/p
rofile/presentation/view/Or
dersView.dart' ('lib/featur
es/profile/presentation/vie
w/OrdersView.dart').
Try correcting the name to 
the name of an existing 
method, or defining a 
method named 'AppBar'.
      appBar: AppBar(
              ^^^^^^
lib/features/profile/presen
tation/view/OrdersView.dart
:8:12: Error: The method 
'Scaffold' isn't defined 
for the type 'OrdersView'.
 - 'OrdersView' is from 'pa
ckage:fruits_hub/features/p
rofile/presentation/view/Or
dersView.dart' ('lib/featur
es/profile/presentation/vie
w/OrdersView.dart').
Try correcting the name to 
the name of an existing 
method, or defining a 
method named 'Scaffold'.
    return Scaffold(
           ^^^^^^^^
lib/features/profile/presen
tation/view/PaymentMethodsV
iew.dart:7:16: Error: 
'BuildContext' isn't a 
type.
  Widget 
build(BuildContext 
context) {
               ^^^^^^^^^^^^
lib/features/profile/presen
tation/view/PaymentMethodsV
iew.dart:9:24: Error: The 
getter 'AppColors' isn't 
defined for the type 
'PaymentMethodsView'.
 - 'PaymentMethodsView' is 
from 'package:fruits_hub/fe
atures/profile/presentation
/view/PaymentMethodsView.da
rt' ('lib/features/profile/
presentation/view/PaymentMe
thodsView.dart').
Try correcting the name to 
the name of an existing 
getter, or defining a 
getter or field named 
'AppColors'.
      backgroundColor: AppC
olors.scaffoldBackground,
                       
^^^^^^^^^
lib/features/profile/presen
tation/view/PaymentMethodsV
iew.dart:11:21: Error: The 
getter 'AppStrings' isn't 
defined for the type 
'PaymentMethodsView'.
 - 'PaymentMethodsView' is 
from 'package:fruits_hub/fe
atures/profile/presentation
/view/PaymentMethodsView.da
rt' ('lib/features/profile/
presentation/view/PaymentMe
thodsView.dart').
Try correcting the name to 
the name of an existing 
getter, or defining a 
getter or field named 
'AppStrings'.
        title: Text(AppStri
ngs.paymentMethods,
                    
^^^^^^^^^^
lib/features/profile/presen
tation/view/PaymentMethodsV
iew.dart:12:20: Error: The 
getter 'CustomTextStyles' 
isn't defined for the type 
'PaymentMethodsView'.
 - 'PaymentMethodsView' is 
from 'package:fruits_hub/fe
atures/profile/presentation
/view/PaymentMethodsView.da
rt' ('lib/features/profile/
presentation/view/PaymentMe
thodsView.dart').
Try correcting the name to 
the name of an existing 
getter, or defining a 
getter or field named 
'CustomTextStyles'.
            style: CustomTe
xtStyles.Cairo600style13.co
pyWith(color: 
AppColors.black)),
                   
^^^^^^^^^^^^^^^^
lib/features/profile/presen
tation/view/PaymentMethodsV
iew.dart:12:69: Error: The 
getter 'AppColors' isn't 
defined for the type 
'PaymentMethodsView'.
 - 'PaymentMethodsView' is 
from 'package:fruits_hub/fe
atures/profile/presentation
/view/PaymentMethodsView.da
rt' ('lib/features/profile/
presentation/view/PaymentMe
thodsView.dart').
Try correcting the name to 
the name of an existing 
getter, or defining a 
getter or field named 
'AppColors'.
            style: CustomTe
xtStyles.Cairo600style13.co
pyWith(color: 
AppColors.black)),
                           
                           
              ^^^^^^^^^
lib/features/profile/presen
tation/view/PaymentMethodsV
iew.dart:11:16: Error: The 
method 'Text' isn't 
defined for the type 
'PaymentMethodsView'.
 - 'PaymentMethodsView' is 
from 'package:fruits_hub/fe
atures/profile/presentation
/view/PaymentMethodsView.da
rt' ('lib/features/profile/
presentation/view/PaymentMe
thodsView.dart').
Try correcting the name to 
the name of an existing 
method, or defining a 
method named 'Text'.
        title: Text(AppStri
ngs.paymentMethods,
               ^^^^
lib/features/profile/presen
tation/view/PaymentMethodsV
iew.dart:14:26: Error: The 
getter 'AppColors' isn't 
defined for the type 
'PaymentMethodsView'.
 - 'PaymentMethodsView' is 
from 'package:fruits_hub/fe
atures/profile/presentation
/view/PaymentMethodsView.da
rt' ('lib/features/profile/
presentation/view/PaymentMe
thodsView.dart').
Try correcting the name to 
the name of an existing 
getter, or defining a 
getter or field named 
'AppColors'.
        backgroundColor: 
AppColors.white,
                         
^^^^^^^^^
lib/features/profile/presen
tation/view/PaymentMethodsV
iew.dart:18:22: Error: The 
getter 'Icons' isn't 
defined for the type 
'PaymentMethodsView'.
 - 'PaymentMethodsView' is 
from 'package:fruits_hub/fe
atures/profile/presentation
/view/PaymentMethodsView.da
rt' ('lib/features/profile/
presentation/view/PaymentMe
thodsView.dart').
Try correcting the name to 
the name of an existing 
getter, or defining a 
getter or field named 
'Icons'.
          icon: 
Icon(Icons.arrow_back_ios, 
color: AppColors.black),
                     ^^^^^
lib/features/profile/presen
tation/view/PaymentMethodsV
iew.dart:18:51: Error: The 
getter 'AppColors' isn't 
defined for the type 
'PaymentMethodsView'.
 - 'PaymentMethodsView' is 
from 'package:fruits_hub/fe
atures/profile/presentation
/view/PaymentMethodsView.da
rt' ('lib/features/profile/
presentation/view/PaymentMe
thodsView.dart').
Try correcting the name to 
the name of an existing 
getter, or defining a 
getter or field named 
'AppColors'.
          icon: 
Icon(Icons.arrow_back_ios, 
color: AppColors.black),
                           
                       
^^^^^^^^^
lib/features/profile/presen
tation/view/PaymentMethodsV
iew.dart:18:17: Error: The 
method 'Icon' isn't 
defined for the type 
'PaymentMethodsView'.
 - 'PaymentMethodsView' is 
from 'package:fruits_hub/fe
atures/profile/presentation
/view/PaymentMethodsView.da
rt' ('lib/features/profile/
presentation/view/PaymentMe
thodsView.dart').
Try correcting the name to 
the name of an existing 
method, or defining a 
method named 'Icon'.
          icon: 
Icon(Icons.arrow_back_ios, 
color: AppColors.black),
                ^^^^
lib/features/profile/presen
tation/view/PaymentMethodsV
iew.dart:17:28: Error: The 
getter 'Navigator' isn't 
defined for the type 
'PaymentMethodsView'.
 - 'PaymentMethodsView' is 
from 'package:fruits_hub/fe
atures/profile/presentation
/view/PaymentMethodsView.da
rt' ('lib/features/profile/
presentation/view/PaymentMe
thodsView.dart').
Try correcting the name to 
the name of an existing 
getter, or defining a 
getter or field named 
'Navigator'.
          onPressed: () => 
Navigator.pop(context),
                           
^^^^^^^^^
lib/features/profile/presen
tation/view/PaymentMethodsV
iew.dart:16:18: Error: The 
method 'IconButton' isn't 
defined for the type 
'PaymentMethodsView'.
 - 'PaymentMethodsView' is 
from 'package:fruits_hub/fe
atures/profile/presentation
/view/PaymentMethodsView.da
rt' ('lib/features/profile/
presentation/view/PaymentMe
thodsView.dart').
Try correcting the name to 
the name of an existing 
method, or defining a 
method named 'IconButton'.
        leading: 
IconButton(
                 ^^^^^^^^^^
lib/features/profile/presen
tation/view/PaymentMethodsV
iew.dart:10:15: Error: The 
method 'AppBar' isn't 
defined for the type 
'PaymentMethodsView'.
 - 'PaymentMethodsView' is 
from 'package:fruits_hub/fe
atures/profile/presentation
/view/PaymentMethodsView.da
rt' ('lib/features/profile/
presentation/view/PaymentMe
thodsView.dart').
Try correcting the name to 
the name of an existing 
method, or defining a 
method named 'AppBar'.
      appBar: AppBar(
              ^^^^^^
lib/features/profile/presen
tation/view/PaymentMethodsV
iew.dart:8:12: Error: The 
method 'Scaffold' isn't 
defined for the type 
'PaymentMethodsView'.
 - 'PaymentMethodsView' is 
from 'package:fruits_hub/fe
atures/profile/presentation
/view/PaymentMethodsView.da
rt' ('lib/features/profile/
presentation/view/PaymentMe
thodsView.dart').
Try correcting the name to 
the name of an existing 
method, or defining a 
method named 'Scaffold'.
    return Scaffold(
           ^^^^^^^^
lib/features/profile/presen
tation/view/AddPaymentMetho
dView.dart:7:16: Error: 
'BuildContext' isn't a 
type.
  Widget 
build(BuildContext 
context) {
               ^^^^^^^^^^^^
lib/features/profile/presen
tation/view/AddPaymentMetho
dView.dart:17:28: Error: 
Not a constant expression.
          icon: const 
Icon(Icons.arrow_back_ios, 
color: Colors.black),
                           
^^^^^
lib/features/profile/presen
tation/view/AddPaymentMetho
dView.dart:17:57: Error: 
Not a constant expression.
          icon: const 
Icon(Icons.arrow_back_ios, 
color: Colors.black),
                           
                           
  ^^^^^^
lib/features/profile/presen
tation/view/AddPaymentMetho
dView.dart:17:23: Error: 
Not a constant expression.
          icon: const 
Icon(Icons.arrow_back_ios, 
color: Colors.black),
                      ^^^^
lib/features/profile/presen
tation/view/AddPaymentMetho
dView.dart:21:24: Error: 
Couldn't find constructor 
'EdgeInsets.all'.
        padding: const 
EdgeInsets.all(20),
                       
^^^^^^^^^^
lib/features/profile/presen
tation/view/AddPaymentMetho
dView.dart:25:19: Error: 
Not a constant expression.
            const 
SizedBox(height: 16),
                  ^^^^^^^^
lib/features/profile/presen
tation/view/AddPaymentMetho
dView.dart:27:19: Error: 
Not a constant expression.
            const 
SizedBox(height: 16),
                  ^^^^^^^^
lib/features/profile/presen
tation/view/AddPaymentMetho
dView.dart:31:23: Error: 
Not a constant expression.
                const 
SizedBox(width: 16),
                      
^^^^^^^^
lib/features/profile/presen
tation/view/AddPaymentMetho
dView.dart:35:19: Error: 
Not a constant expression.
            const 
SizedBox(height: 40),
                  ^^^^^^^^
lib/features/profile/presen
tation/view/AddPaymentMetho
dView.dart:37:15: Error: 
No named parameter with 
the name 'onPressed'.
              onPressed: 
() {},
              ^^^^^^^^^
lib/core/widgets/CustomBtn.
dart:11:9: Context: Found 
this candidate, but the 
arguments don't match.
  const 
CustomBtn({super.key, 
required this.onpressed, 
required this.text});
        ^^^^^^^^^
lib/features/profile/presen
tation/view/AddPaymentMetho
dView.dart:9:24: Error: 
The getter 'Colors' isn't 
defined for the type 
'AddPaymentMethodView'.
 - 'AddPaymentMethodView' 
is from 'package:fruits_hub
/features/profile/presentat
ion/view/AddPaymentMethodVi
ew.dart' ('lib/features/pro
file/presentation/view/AddP
aymentMethodView.dart').
Try correcting the name to 
the name of an existing 
getter, or defining a 
getter or field named 
'Colors'.
      backgroundColor: 
Colors.white,
                       
^^^^^^
lib/features/profile/presen
tation/view/AddPaymentMetho
dView.dart:11:21: Error: 
The getter 'AppStrings' 
isn't defined for the type 
'AddPaymentMethodView'.
 - 'AddPaymentMethodView' 
is from 'package:fruits_hub
/features/profile/presentat
ion/view/AddPaymentMethodVi
ew.dart' ('lib/features/pro
file/presentation/view/AddP
aymentMethodView.dart').
Try correcting the name to 
the name of an existing 
getter, or defining a 
getter or field named 
'AppStrings'.
        title: Text(AppStri
ngs.addPaymentMethod, 
style: CustomTextStyles.Cai
ro600style13),
                    
^^^^^^^^^^
lib/features/profile/presen
tation/view/AddPaymentMetho
dView.dart:11:57: Error: 
The getter 
'CustomTextStyles' isn't 
defined for the type 
'AddPaymentMethodView'.
 - 'AddPaymentMethodView' 
is from 'package:fruits_hub
/features/profile/presentat
ion/view/AddPaymentMethodVi
ew.dart' ('lib/features/pro
file/presentation/view/AddP
aymentMethodView.dart').
Try correcting the name to 
the name of an existing 
getter, or defining a 
getter or field named 
'CustomTextStyles'.
        title: Text(AppStri
ngs.addPaymentMethod, 
style: CustomTextStyles.Cai
ro600style13),
                           
                           
  ^^^^^^^^^^^^^^^^
lib/features/profile/presen
tation/view/AddPaymentMetho
dView.dart:11:16: Error: 
The method 'Text' isn't 
defined for the type 
'AddPaymentMethodView'.
 - 'AddPaymentMethodView' 
is from 'package:fruits_hub
/features/profile/presentat
ion/view/AddPaymentMethodVi
ew.dart' ('lib/features/pro
file/presentation/view/AddP
aymentMethodView.dart').
Try correcting the name to 
the name of an existing 
method, or defining a 
method named 'Text'.
        title: Text(AppStri
ngs.addPaymentMethod, 
style: CustomTextStyles.Cai
ro600style13),
               ^^^^
lib/features/profile/presen
tation/view/AddPaymentMetho
dView.dart:13:26: Error: 
The getter 'Colors' isn't 
defined for the type 
'AddPaymentMethodView'.
 - 'AddPaymentMethodView' 
is from 'package:fruits_hub
/features/profile/presentat
ion/view/AddPaymentMethodVi
ew.dart' ('lib/features/pro
file/presentation/view/AddP
aymentMethodView.dart').
Try correcting the name to 
the name of an existing 
getter, or defining a 
getter or field named 
'Colors'.
        backgroundColor: 
Colors.white,
                         
^^^^^^
lib/features/profile/presen
tation/view/AddPaymentMetho
dView.dart:16:28: Error: 
The getter 'Navigator' 
isn't defined for the type 
'AddPaymentMethodView'.
 - 'AddPaymentMethodView' 
is from 'package:fruits_hub
/features/profile/presentat
ion/view/AddPaymentMethodVi
ew.dart' ('lib/features/pro
file/presentation/view/AddP
aymentMethodView.dart').
Try correcting the name to 
the name of an existing 
getter, or defining a 
getter or field named 
'Navigator'.
          onPressed: () => 
Navigator.pop(context),
                           
^^^^^^^^^
lib/features/profile/presen
tation/view/AddPaymentMetho
dView.dart:15:18: Error: 
The method 'IconButton' 
isn't defined for the type 
'AddPaymentMethodView'.
 - 'AddPaymentMethodView' 
is from 'package:fruits_hub
/features/profile/presentat
ion/view/AddPaymentMethodVi
ew.dart' ('lib/features/pro
file/presentation/view/AddP
aymentMethodView.dart').
Try correcting the name to 
the name of an existing 
method, or defining a 
method named 'IconButton'.
        leading: 
IconButton(
                 ^^^^^^^^^^
lib/features/profile/presen
tation/view/AddPaymentMetho
dView.dart:10:15: Error: 
The method 'AppBar' isn't 
defined for the type 
'AddPaymentMethodView'.
 - 'AddPaymentMethodView' 
is from 'package:fruits_hub
/features/profile/presentat
ion/view/AddPaymentMethodVi
ew.dart' ('lib/features/pro
file/presentation/view/AddP
aymentMethodView.dart').
Try correcting the name to 
the name of an existing 
method, or defining a 
method named 'AppBar'.
      appBar: AppBar(
              ^^^^^^
lib/features/profile/presen
tation/view/AddPaymentMetho
dView.dart:26:58: Error: 
The getter 'TextInputType' 
isn't defined for the type 
'AddPaymentMethodView'.
 - 'AddPaymentMethodView' 
is from 'package:fruits_hub
/features/profile/presentat
ion/view/AddPaymentMethodVi
ew.dart' ('lib/features/pro
file/presentation/view/AddP
aymentMethodView.dart').
Try correcting the name to 
the name of an existing 
getter, or defining a 
getter or field named 
'TextInputType'.
            
_buildTextField('??? 
???????', keyboardType: 
TextInputType.number),
                           
                           
   ^^^^^^^^^^^^^
lib/features/profile/presen
tation/view/AddPaymentMetho
dView.dart:30:17: Error: 
The method 'Expanded' 
isn't defined for the type 
'AddPaymentMethodView'.
 - 'AddPaymentMethodView' 
is from 'package:fruits_hub
/features/profile/presentat
ion/view/AddPaymentMethodVi
ew.dart' ('lib/features/pro
file/presentation/view/AddP
aymentMethodView.dart').
Try correcting the name to 
the name of an existing 
method, or defining a 
method named 'Expanded'.
                
Expanded(child: 
_buildTextField('????? 
????????', hint: 'MM/YY')),
                ^^^^^^^^
lib/features/profile/presen
tation/view/AddPaymentMetho
dView.dart:32:17: Error: 
The method 'Expanded' 
isn't defined for the type 
'AddPaymentMethodView'.
 - 'AddPaymentMethodView' 
is from 'package:fruits_hub
/features/profile/presentat
ion/view/AddPaymentMethodVi
ew.dart' ('lib/features/pro
file/presentation/view/AddP
aymentMethodView.dart').
Try correcting the name to 
the name of an existing 
method, or defining a 
method named 'Expanded'.
                
Expanded(child: 
_buildTextField('CVV', 
hint: '***')),
                ^^^^^^^^
lib/features/profile/presen
tation/view/AddPaymentMetho
dView.dart:28:13: Error: 
The method 'Row' isn't 
defined for the type 
'AddPaymentMethodView'.
 - 'AddPaymentMethodView' 
is from 'package:fruits_hub
/features/profile/presentat
ion/view/AddPaymentMethodVi
ew.dart' ('lib/features/pro
file/presentation/view/AddP
aymentMethodView.dart').
Try correcting the name to 
the name of an existing 
method, or defining a 
method named 'Row'.
            Row(
            ^^^
lib/features/profile/presen
tation/view/AddPaymentMetho
dView.dart:22:16: Error: 
The method 'Column' isn't 
defined for the type 
'AddPaymentMethodView'.
 - 'AddPaymentMethodView' 
is from 'package:fruits_hub
/features/profile/presentat
ion/view/AddPaymentMethodVi
ew.dart' ('lib/features/pro
file/presentation/view/AddP
aymentMethodView.dart').
Try correcting the name to 
the name of an existing 
method, or defining a 
method named 'Column'.
        child: Column(
               ^^^^^^
lib/features/profile/presen
tation/view/AddPaymentMetho
dView.dart:20:13: Error: 
The method 
'SingleChildScrollView' 
isn't defined for the type 
'AddPaymentMethodView'.
 - 'AddPaymentMethodView' 
is from 'package:fruits_hub
/features/profile/presentat
ion/view/AddPaymentMethodVi
ew.dart' ('lib/features/pro
file/presentation/view/AddP
aymentMethodView.dart').
Try correcting the name to 
the name of an existing 
method, or defining a 
method named 
'SingleChildScrollView'.
      body: 
SingleChildScrollView(
            
^^^^^^^^^^^^^^^^^^^^^
lib/features/profile/presen
tation/view/AddPaymentMetho
dView.dart:8:12: Error: 
The method 'Scaffold' 
isn't defined for the type 
'AddPaymentMethodView'.
 - 'AddPaymentMethodView' 
is from 'package:fruits_hub
/features/profile/presentat
ion/view/AddPaymentMethodVi
ew.dart' ('lib/features/pro
file/presentation/view/AddP
aymentMethodView.dart').
Try correcting the name to 
the name of an existing 
method, or defining a 
method named 'Scaffold'.
    return Scaffold(
           ^^^^^^^^
lib/features/profile/presen
tation/view/AddPaymentMetho
dView.dart:46:55: Error: 
'TextInputType' isn't a 
type.
  Widget 
_buildTextField(String 
label, {String? hint, 
TextInputType? 
keyboardType}) {
                           
                           
^^^^^^^^^^^^^
lib/features/profile/presen
tation/view/AddPaymentMetho
dView.dart:50:56: Error: 
Not a constant expression.
        Text(label, style: 
const 
TextStyle(fontWeight: 
FontWeight.bold)),
                           
                           
 ^^^^^^^^^^
lib/features/profile/presen
tation/view/AddPaymentMetho
dView.dart:50:34: Error: 
Not a constant expression.
        Text(label, style: 
const 
TextStyle(fontWeight: 
FontWeight.bold)),
                           
      ^^^^^^^^^
lib/features/profile/presen
tation/view/AddPaymentMetho
dView.dart:51:15: Error: 
Not a constant expression.
        const 
SizedBox(height: 8),
              ^^^^^^^^
lib/features/profile/presen
tation/view/AddPaymentMetho
dView.dart:57:30: Error: 
Not a constant expression.
            fillColor: 
const Color(0xFFF9FAFA),
                           
  ^^^^^
lib/features/profile/presen
tation/view/AddPaymentMetho
dView.dart:48:27: Error: 
The getter 
'CrossAxisAlignment' isn't 
defined for the type 
'AddPaymentMethodView'.
 - 'AddPaymentMethodView' 
is from 'package:fruits_hub
/features/profile/presentat
ion/view/AddPaymentMethodVi
ew.dart' ('lib/features/pro
file/presentation/view/AddP
aymentMethodView.dart').
Try correcting the name to 
the name of an existing 
getter, or defining a 
getter or field named 
'CrossAxisAlignment'.
      crossAxisAlignment: 
CrossAxisAlignment.start,
                          
^^^^^^^^^^^^^^^^^^
lib/features/profile/presen
tation/view/AddPaymentMetho
dView.dart:50:9: Error: 
The method 'Text' isn't 
defined for the type 
'AddPaymentMethodView'.
 - 'AddPaymentMethodView' 
is from 'package:fruits_hub
/features/profile/presentat
ion/view/AddPaymentMethodVi
ew.dart' ('lib/features/pro
file/presentation/view/AddP
aymentMethodView.dart').
Try correcting the name to 
the name of an existing 
method, or defining a 
method named 'Text'.
        Text(label, style: 
const 
TextStyle(fontWeight: 
FontWeight.bold)),
        ^^^^
lib/features/profile/presen
tation/view/AddPaymentMetho
dView.dart:58:54: Error: 
The getter 'BorderRadius' 
isn't defined for the type 
'AddPaymentMethodView'.
 - 'AddPaymentMethodView' 
is from 'package:fruits_hub
/features/profile/presentat
ion/view/AddPaymentMethodVi
ew.dart' ('lib/features/pro
file/presentation/view/AddP
aymentMethodView.dart').
Try correcting the name to 
the name of an existing 
getter, or defining a 
getter or field named 
'BorderRadius'.
            border: Outline
InputBorder(borderRadius: 
BorderRadius.circular(12), 
borderSide: 
BorderSide.none),
                           
                          
^^^^^^^^^^^^
lib/features/profile/presen
tation/view/AddPaymentMetho
dView.dart:58:93: Error: 
The getter 'BorderSide' 
isn't defined for the type 
'AddPaymentMethodView'.
 - 'AddPaymentMethodView' 
is from 'package:fruits_hub
/features/profile/presentat
ion/view/AddPaymentMethodVi
ew.dart' ('lib/features/pro
file/presentation/view/AddP
aymentMethodView.dart').
Try correcting the name to 
the name of an existing 
getter, or defining a 
getter or field named 
'BorderSide'.
            border: Outline
InputBorder(borderRadius: 
BorderRadius.circular(12), 
borderSide: 
BorderSide.none),
                           
                           
                           
         ^^^^^^^^^^
lib/features/profile/presen
tation/view/AddPaymentMetho
dView.dart:58:21: Error: 
The method 
'OutlineInputBorder' isn't 
defined for the type 
'AddPaymentMethodView'.
 - 'AddPaymentMethodView' 
is from 'package:fruits_hub
/features/profile/presentat
ion/view/AddPaymentMethodVi
ew.dart' ('lib/features/pro
file/presentation/view/AddP
aymentMethodView.dart').
Try correcting the name to 
the name of an existing 
method, or defining a 
method named 
'OutlineInputBorder'.
            border: Outline
InputBorder(borderRadius: 
BorderRadius.circular(12), 
borderSide: 
BorderSide.none),
                    
^^^^^^^^^^^^^^^^^^
lib/features/profile/presen
tation/view/AddPaymentMetho
dView.dart:54:23: Error: 
The method 
'InputDecoration' isn't 
defined for the type 
'AddPaymentMethodView'.
 - 'AddPaymentMethodView' 
is from 'package:fruits_hub
/features/profile/presentat
ion/view/AddPaymentMethodVi
ew.dart' ('lib/features/pro
file/presentation/view/AddP
aymentMethodView.dart').
Try correcting the name to 
the name of an existing 
method, or defining a 
method named 
'InputDecoration'.
          decoration: 
InputDecoration(
                      
^^^^^^^^^^^^^^^
lib/features/profile/presen
tation/view/AddPaymentMetho
dView.dart:52:9: Error: 
The method 'TextFormField' 
isn't defined for the type 
'AddPaymentMethodView'.
 - 'AddPaymentMethodView' 
is from 'package:fruits_hub
/features/profile/presentat
ion/view/AddPaymentMethodVi
ew.dart' ('lib/features/pro
file/presentation/view/AddP
aymentMethodView.dart').
Try correcting the name to 
the name of an existing 
method, or defining a 
method named 
'TextFormField'.
        TextFormField(
        ^^^^^^^^^^^^^
lib/features/profile/presen
tation/view/AddPaymentMetho
dView.dart:47:12: Error: 
The method 'Column' isn't 
defined for the type 
'AddPaymentMethodView'.
 - 'AddPaymentMethodView' 
is from 'package:fruits_hub
/features/profile/presentat
ion/view/AddPaymentMethodVi
ew.dart' ('lib/features/pro
file/presentation/view/AddP
aymentMethodView.dart').
Try correcting the name to 
the name of an existing 
method, or defining a 
method named 'Column'.
    return Column(
           ^^^^^^
lib/features/profile/presen
tation/view/AboutUsView.dar
t:15:21: Error: The getter 
'AppStrings' isn't defined 
for the type 'AboutUsView'.
 - 'AboutUsView' is from 'p
ackage:fruits_hub/features/
profile/presentation/view/A
boutUsView.dart' ('lib/feat
ures/profile/presentation/v
iew/AboutUsView.dart').
Try correcting the name to 
the name of an existing 
getter, or defining a 
getter or field named 
'AppStrings'.
        title: 
Text(AppStrings.aboutUs, 
style: CustomTextStyles.Cai
ro600style13),
                    
^^^^^^^^^^
lib/features/Auth/presentat
ion/View/widgets/VaryfyView
Body.dart:83:24: Error: 
The method 'CustonBtn' 
isn't defined for the type 
'_VaryfyViewBodyState'.
 - '_VaryfyViewBodyState' 
is from 'package:fruits_hub
/features/Auth/presentation
/View/widgets/VaryfyViewBod
y.dart' ('lib/features/Auth
/presentation/View/widgets/
VaryfyViewBody.dart').
Try correcting the name to 
the name of an existing 
method, or defining a 
method named 'CustonBtn'.
                child: 
CustonBtn(
                       
^^^^^^^^^
lib/features/home/presentat
ion/view/widgets/home_view_
body.dart:45:45: Error: 
The argument type 
'ListCategories' can't be 
assigned to the parameter 
type 'Widget?'.
 - 'ListCategories' is 
from 'package:fruits_hub/fe
atures/home/presentation/vi
ew/widgets/ListCategories.d
art' ('lib/features/home/pr
esentation/view/widgets/Lis
tCategories.dart').
 - 'Widget' is from 'packag
e:flutter/src/widgets/frame
work.dart' ('/C:/flutter/pa
ckages/flutter/lib/src/widg
ets/framework.dart').
          sliver: 
SliverToBoxAdapter(child: 
ListCategories()),
                           
                 ^
lib/features/home/presentat
ion/view/widgets/home_view_
body.dart:50:45: Error: 
The argument type 
'SectionHeader' can't be 
assigned to the parameter 
type 'Widget?'.
 - 'SectionHeader' is from 
'package:fruits_hub/feature
s/home/presentation/view/wi
dgets/SectionHeader.dart' (
'lib/features/home/presenta
tion/view/widgets/SectionHe
ader.dart').
 - 'Widget' is from 'packag
e:flutter/src/widgets/frame
work.dart' ('/C:/flutter/pa
ckages/flutter/lib/src/widg
ets/framework.dart').
          sliver: 
SliverToBoxAdapter(child: 
SectionHeader()),
                           
                 ^
lib/features/home/presentat
ion/view/widgets/home_view_
body.dart:55:19: Error: 
The argument type 
'ListProducts' can't be 
assigned to the parameter 
type 'Widget?'.
 - 'ListProducts' is from '
package:fruits_hub/features
/home/presentation/view/wid
gets/ListProducts.dart' ('l
ib/features/home/presentati
on/view/widgets/ListProduct
s.dart').
 - 'Widget' is from 'packag
e:flutter/src/widgets/frame
work.dart' ('/C:/flutter/pa
ckages/flutter/lib/src/widg
ets/framework.dart').
          sliver: 
ListProducts(),
                  ^
lib/features/home/presentat
ion/view/widgets/BottomNavB
ar.dart:16:16: Error: 
'BuildContext' isn't a 
type.
  Widget 
build(BuildContext 
context) {
               ^^^^^^^^^^^^
lib/features/home/presentat
ion/view/widgets/BottomNavB
ar.dart:24:27: Error: Not 
a constant expression.
            offset: const 
Offset(0, -5),
                          
^^^^^^
lib/features/home/presentat
ion/view/widgets/BottomNavB
ar.dart:28:20: Error: Not 
a constant expression.
          topLeft: 
Radius.circular(30),
                   ^^^^^^
lib/features/home/presentat
ion/view/widgets/BottomNavB
ar.dart:28:27: Error: 
Method invocation is not a 
constant expression.
          topLeft: 
Radius.circular(30),
                          
^^^^^^^^
lib/features/home/presentat
ion/view/widgets/BottomNavB
ar.dart:29:21: Error: Not 
a constant expression.
          topRight: 
Radius.circular(30),
                    ^^^^^^
lib/features/home/presentat
ion/view/widgets/BottomNavB
ar.dart:29:28: Error: 
Method invocation is not a 
constant expression.
          topRight: 
Radius.circular(30),
                           
^^^^^^^^
lib/features/home/presentat
ion/view/widgets/BottomNavB
ar.dart:27:29: Error: 
Couldn't find constructor 
'BorderRadius.only'.
        borderRadius: 
const BorderRadius.only(
                           
 ^^^^^^^^^^^^
lib/features/home/presentat
ion/view/widgets/BottomNavB
ar.dart:34:20: Error: Not 
a constant expression.
          topLeft: 
Radius.circular(30),
                   ^^^^^^
lib/features/home/presentat
ion/view/widgets/BottomNavB
ar.dart:34:27: Error: 
Method invocation is not a 
constant expression.
          topLeft: 
Radius.circular(30),
                          
^^^^^^^^
lib/features/home/presentat
ion/view/widgets/BottomNavB
ar.dart:35:21: Error: Not 
a constant expression.
          topRight: 
Radius.circular(30),
                    ^^^^^^
lib/features/home/presentat
ion/view/widgets/BottomNavB
ar.dart:35:28: Error: 
Method invocation is not a 
constant expression.
          topRight: 
Radius.circular(30),
                           
^^^^^^^^
lib/features/home/presentat
ion/view/widgets/BottomNavB
ar.dart:33:29: Error: 
Couldn't find constructor 
'BorderRadius.only'.
        borderRadius: 
const BorderRadius.only(
                           
 ^^^^^^^^^^^^
lib/features/home/presentat
ion/view/widgets/BottomNavB
ar.dart:19:16: Error: The 
getter 'Colors' isn't 
defined for the type 
'BottomNavBar'.
 - 'BottomNavBar' is from '
package:fruits_hub/features
/home/presentation/view/wid
gets/BottomNavBar.dart' ('l
ib/features/home/presentati
on/view/widgets/BottomNavBa
r.dart').
Try correcting the name to 
the name of an existing 
getter, or defining a 
getter or field named 
'Colors'.
        color: 
Colors.white,
               ^^^^^^
lib/features/home/presentat
ion/view/widgets/BottomNavB
ar.dart:22:20: Error: The 
getter 'Colors' isn't 
defined for the type 
'BottomNavBar'.
 - 'BottomNavBar' is from '
package:fruits_hub/features
/home/presentation/view/wid
gets/BottomNavBar.dart' ('l
ib/features/home/presentati
on/view/widgets/BottomNavBa
r.dart').
Try correcting the name to 
the name of an existing 
getter, or defining a 
getter or field named 
'Colors'.
            color: Colors.b
lack.withOpacity(0.05),
                   ^^^^^^
lib/features/home/presentat
ion/view/widgets/BottomNavB
ar.dart:21:11: Error: The 
method 'BoxShadow' isn't 
defined for the type 
'BottomNavBar'.
 - 'BottomNavBar' is from '
package:fruits_hub/features
/home/presentation/view/wid
gets/BottomNavBar.dart' ('l
ib/features/home/presentati
on/view/widgets/BottomNavBa
r.dart').
Try correcting the name to 
the name of an existing 
method, or defining a 
method named 'BoxShadow'.
          BoxShadow(
          ^^^^^^^^^
lib/features/home/presentat
ion/view/widgets/BottomNavB
ar.dart:18:19: Error: The 
method 'BoxDecoration' 
isn't defined for the type 
'BottomNavBar'.
 - 'BottomNavBar' is from '
package:fruits_hub/features
/home/presentation/view/wid
gets/BottomNavBar.dart' ('l
ib/features/home/presentati
on/view/widgets/BottomNavBa
r.dart').
Try correcting the name to 
the name of an existing 
method, or defining a 
method named 
'BoxDecoration'.
      decoration: 
BoxDecoration(
                  
^^^^^^^^^^^^^
lib/features/home/presentat
ion/view/widgets/BottomNavB
ar.dart:43:17: Error: The 
getter 
'BottomNavigationBarType' 
isn't defined for the type 
'BottomNavBar'.
 - 'BottomNavBar' is from '
package:fruits_hub/features
/home/presentation/view/wid
gets/BottomNavBar.dart' ('l
ib/features/home/presentati
on/view/widgets/BottomNavBa
r.dart').
Try correcting the name to 
the name of an existing 
getter, or defining a 
getter or field named 
'BottomNavigationBarType'.
          type: BottomNavig
ationBarType.fixed,
                
^^^^^^^^^^^^^^^^^^^^^^^
lib/features/home/presentat
ion/view/widgets/BottomNavB
ar.dart:56:21: Error: The 
getter 'SvgPicture' isn't 
defined for the type 
'BottomNavBar'.
 - 'BottomNavBar' is from '
package:fruits_hub/features
/home/presentation/view/wid
gets/BottomNavBar.dart' ('l
ib/features/home/presentati
on/view/widgets/BottomNavBa
r.dart').
Try correcting the name to 
the name of an existing 
getter, or defining a 
getter or field named 
'SvgPicture'.
              icon: SvgPict
ure.asset(AppAssets.imagesH
ome),
                    
^^^^^^^^^^
lib/features/home/presentat
ion/view/widgets/BottomNavB
ar.dart:56:38: Error: The 
getter 'AppAssets' isn't 
defined for the type 
'BottomNavBar'.
 - 'BottomNavBar' is from '
package:fruits_hub/features
/home/presentation/view/wid
gets/BottomNavBar.dart' ('l
ib/features/home/presentati
on/view/widgets/BottomNavBa
r.dart').
Try correcting the name to 
the name of an existing 
getter, or defining a 
getter or field named 
'AppAssets'.
              icon: SvgPict
ure.asset(AppAssets.imagesH
ome),
                           
          ^^^^^^^^^
lib/features/home/presentat
ion/view/widgets/BottomNavB
ar.dart:57:27: Error: The 
getter 'Image' isn't 
defined for the type 
'BottomNavBar'.
 - 'BottomNavBar' is from '
package:fruits_hub/features
/home/presentation/view/wid
gets/BottomNavBar.dart' ('l
ib/features/home/presentati
on/view/widgets/BottomNavBa
r.dart').
Try correcting the name to 
the name of an existing 
getter, or defining a 
getter or field named 
'Image'.
              activeIcon: I
mage.asset(AppAssets.images
HomeFill, width: 24, 
height: 24),
                          
^^^^^
lib/features/home/presentat
ion/view/widgets/BottomNavB
ar.dart:57:39: Error: The 
getter 'AppAssets' isn't 
defined for the type 
'BottomNavBar'.
 - 'BottomNavBar' is from '
package:fruits_hub/features
/home/presentation/view/wid
gets/BottomNavBar.dart' ('l
ib/features/home/presentati
on/view/widgets/BottomNavBa
r.dart').
Try correcting the name to 
the name of an existing 
getter, or defining a 
getter or field named 
'AppAssets'.
              activeIcon: I
mage.asset(AppAssets.images
HomeFill, width: 24, 
height: 24),
                           
           ^^^^^^^^^
lib/features/home/presentat
ion/view/widgets/BottomNavB
ar.dart:55:13: Error: The 
method 
'BottomNavigationBarItem' 
isn't defined for the type 
'BottomNavBar'.
 - 'BottomNavBar' is from '
package:fruits_hub/features
/home/presentation/view/wid
gets/BottomNavBar.dart' ('l
ib/features/home/presentati
on/view/widgets/BottomNavBa
r.dart').
Try correcting the name to 
the name of an existing 
method, or defining a 
method named 
'BottomNavigationBarItem'.
            
BottomNavigationBarItem(
            
^^^^^^^^^^^^^^^^^^^^^^^
lib/features/home/presentat
ion/view/widgets/BottomNavB
ar.dart:61:21: Error: The 
getter 'SvgPicture' isn't 
defined for the type 
'BottomNavBar'.
 - 'BottomNavBar' is from '
package:fruits_hub/features
/home/presentation/view/wid
gets/BottomNavBar.dart' ('l
ib/features/home/presentati
on/view/widgets/BottomNavBa
r.dart').
Try correcting the name to 
the name of an existing 
getter, or defining a 
getter or field named 
'SvgPicture'.
              icon: SvgPict
ure.asset(AppAssets.imagesC
art),
                    
^^^^^^^^^^
lib/features/home/presentat
ion/view/widgets/BottomNavB
ar.dart:61:38: Error: The 
getter 'AppAssets' isn't 
defined for the type 
'BottomNavBar'.
 - 'BottomNavBar' is from '
package:fruits_hub/features
/home/presentation/view/wid
gets/BottomNavBar.dart' ('l
ib/features/home/presentati
on/view/widgets/BottomNavBa
r.dart').
Try correcting the name to 
the name of an existing 
getter, or defining a 
getter or field named 
'AppAssets'.
              icon: SvgPict
ure.asset(AppAssets.imagesC
art),
                           
          ^^^^^^^^^
lib/features/home/presentat
ion/view/widgets/BottomNavB
ar.dart:62:27: Error: The 
getter 'SvgPicture' isn't 
defined for the type 
'BottomNavBar'.
 - 'BottomNavBar' is from '
package:fruits_hub/features
/home/presentation/view/wid
gets/BottomNavBar.dart' ('l
ib/features/home/presentati
on/view/widgets/BottomNavBa
r.dart').
Try correcting the name to 
the name of an existing 
getter, or defining a 
getter or field named 
'SvgPicture'.
              activeIcon: S
vgPicture.asset(AppAssets.i
magesCartFill),
                          
^^^^^^^^^^
lib/features/home/presentat
ion/view/widgets/BottomNavB
ar.dart:62:44: Error: The 
getter 'AppAssets' isn't 
defined for the type 
'BottomNavBar'.
 - 'BottomNavBar' is from '
package:fruits_hub/features
/home/presentation/view/wid
gets/BottomNavBar.dart' ('l
ib/features/home/presentati
on/view/widgets/BottomNavBa
r.dart').
Try correcting the name to 
the name of an existing 
getter, or defining a 
getter or field named 
'AppAssets'.
              activeIcon: S
vgPicture.asset(AppAssets.i
magesCartFill),
                           
                ^^^^^^^^^
lib/features/home/presentat
ion/view/widgets/BottomNavB
ar.dart:60:13: Error: The 
method 
'BottomNavigationBarItem' 
isn't defined for the type 
'BottomNavBar'.
 - 'BottomNavBar' is from '
package:fruits_hub/features
/home/presentation/view/wid
gets/BottomNavBar.dart' ('l
ib/features/home/presentati
on/view/widgets/BottomNavBa
r.dart').
Try correcting the name to 
the name of an existing 
method, or defining a 
method named 
'BottomNavigationBarItem'.
            
BottomNavigationBarItem(
            
^^^^^^^^^^^^^^^^^^^^^^^
lib/features/home/presentat
ion/view/widgets/BottomNavB
ar.dart:66:21: Error: The 
getter 'SvgPicture' isn't 
defined for the type 
'BottomNavBar'.
 - 'BottomNavBar' is from '
package:fruits_hub/features
/home/presentation/view/wid
gets/BottomNavBar.dart' ('l
ib/features/home/presentati
on/view/widgets/BottomNavBa
r.dart').
Try correcting the name to 
the name of an existing 
getter, or defining a 
getter or field named 
'SvgPicture'.
              icon: SvgPict
ure.asset(AppAssets.imagesS
hopping),
                    
^^^^^^^^^^
lib/features/home/presentat
ion/view/widgets/BottomNavB
ar.dart:66:38: Error: The 
getter 'AppAssets' isn't 
defined for the type 
'BottomNavBar'.
 - 'BottomNavBar' is from '
package:fruits_hub/features
/home/presentation/view/wid
gets/BottomNavBar.dart' ('l
ib/features/home/presentati
on/view/widgets/BottomNavBa
r.dart').
Try correcting the name to 
the name of an existing 
getter, or defining a 
getter or field named 
'AppAssets'.
              icon: SvgPict
ure.asset(AppAssets.imagesS
hopping),
                           
          ^^^^^^^^^
lib/features/home/presentat
ion/view/widgets/BottomNavB
ar.dart:67:27: Error: The 
getter 'SvgPicture' isn't 
defined for the type 
'BottomNavBar'.
 - 'BottomNavBar' is from '
package:fruits_hub/features
/home/presentation/view/wid
gets/BottomNavBar.dart' ('l
ib/features/home/presentati
on/view/widgets/BottomNavBa
r.dart').
Try correcting the name to 
the name of an existing 
getter, or defining a 
getter or field named 
'SvgPicture'.
              activeIcon: S
vgPicture.asset(AppAssets.i
magesShoppingFill),
                          
^^^^^^^^^^
lib/features/home/presentat
ion/view/widgets/BottomNavB
ar.dart:67:44: Error: The 
getter 'AppAssets' isn't 
defined for the type 
'BottomNavBar'.
 - 'BottomNavBar' is from '
package:fruits_hub/features
/home/presentation/view/wid
gets/BottomNavBar.dart' ('l
ib/features/home/presentati
on/view/widgets/BottomNavBa
r.dart').
Try correcting the name to 
the name of an existing 
getter, or defining a 
getter or field named 
'AppAssets'.
              activeIcon: S
vgPicture.asset(AppAssets.i
magesShoppingFill),
                           
                ^^^^^^^^^
lib/features/home/presentat
ion/view/widgets/BottomNavB
ar.dart:65:13: Error: The 
method 
'BottomNavigationBarItem' 
isn't defined for the type 
'BottomNavBar'.
 - 'BottomNavBar' is from '
package:fruits_hub/features
/home/presentation/view/wid
gets/BottomNavBar.dart' ('l
ib/features/home/presentati
on/view/widgets/BottomNavBa
r.dart').
Try correcting the name to 
the name of an existing 
method, or defining a 
method named 
'BottomNavigationBarItem'.
            
BottomNavigationBarItem(
            
^^^^^^^^^^^^^^^^^^^^^^^
lib/features/home/presentat
ion/view/widgets/BottomNavB
ar.dart:71:21: Error: The 
getter 'SvgPicture' isn't 
defined for the type 
'BottomNavBar'.
 - 'BottomNavBar' is from '
package:fruits_hub/features
/home/presentation/view/wid
gets/BottomNavBar.dart' ('l
ib/features/home/presentati
on/view/widgets/BottomNavBa
r.dart').
Try correcting the name to 
the name of an existing 
getter, or defining a 
getter or field named 
'SvgPicture'.
              icon: SvgPict
ure.asset(AppAssets.imagesU
ser),
                    
^^^^^^^^^^
lib/features/home/presentat
ion/view/widgets/BottomNavB
ar.dart:71:38: Error: The 
getter 'AppAssets' isn't 
defined for the type 
'BottomNavBar'.
 - 'BottomNavBar' is from '
package:fruits_hub/features
/home/presentation/view/wid
gets/BottomNavBar.dart' ('l
ib/features/home/presentati
on/view/widgets/BottomNavBa
r.dart').
Try correcting the name to 
the name of an existing 
getter, or defining a 
getter or field named 
'AppAssets'.
              icon: SvgPict
ure.asset(AppAssets.imagesU
ser),
                           
          ^^^^^^^^^
lib/features/home/presentat
ion/view/widgets/BottomNavB
ar.dart:72:27: Error: The 
getter 'SvgPicture' isn't 
defined for the type 
'BottomNavBar'.
 - 'BottomNavBar' is from '
package:fruits_hub/features
/home/presentation/view/wid
gets/BottomNavBar.dart' ('l
ib/features/home/presentati
on/view/widgets/BottomNavBa
r.dart').
Try correcting the name to 
the name of an existing 
getter, or defining a 
getter or field named 
'SvgPicture'.
              activeIcon: S
vgPicture.asset(AppAssets.i
magesUserFill),
                          
^^^^^^^^^^
lib/features/home/presentat
ion/view/widgets/BottomNavB
ar.dart:72:44: Error: The 
getter 'AppAssets' isn't 
defined for the type 
'BottomNavBar'.
 - 'BottomNavBar' is from '
package:fruits_hub/features
/home/presentation/view/wid
gets/BottomNavBar.dart' ('l
ib/features/home/presentati
on/view/widgets/BottomNavBa
r.dart').
Try correcting the name to 
the name of an existing 
getter, or defining a 
getter or field named 
'AppAssets'.
              activeIcon: S
vgPicture.asset(AppAssets.i
magesUserFill),
                           
                ^^^^^^^^^
lib/features/home/presentat
ion/view/widgets/BottomNavB
ar.dart:70:13: Error: The 
method 
'BottomNavigationBarItem' 
isn't defined for the type 
'BottomNavBar'.
 - 'BottomNavBar' is from '
package:fruits_hub/features
/home/presentation/view/wid
gets/BottomNavBar.dart' ('l
ib/features/home/presentati
on/view/widgets/BottomNavBa
r.dart').
Try correcting the name to 
the name of an existing 
method, or defining a 
method named 
'BottomNavigationBarItem'.
            
BottomNavigationBarItem(
            
^^^^^^^^^^^^^^^^^^^^^^^
lib/features/home/presentat
ion/view/widgets/BottomNavB
ar.dart:37:16: Error: The 
method 
'BottomNavigationBar' 
isn't defined for the type 
'BottomNavBar'.
 - 'BottomNavBar' is from '
package:fruits_hub/features
/home/presentation/view/wid
gets/BottomNavBar.dart' ('l
ib/features/home/presentati
on/view/widgets/BottomNavBa
r.dart').
Try correcting the name to 
the name of an existing 
method, or defining a 
method named 
'BottomNavigationBar'.
        child: 
BottomNavigationBar(
               
^^^^^^^^^^^^^^^^^^^
lib/features/home/presentat
ion/view/widgets/BottomNavB
ar.dart:32:14: Error: The 
method 'ClipRRect' isn't 
defined for the type 
'BottomNavBar'.
 - 'BottomNavBar' is from '
package:fruits_hub/features
/home/presentation/view/wid
gets/BottomNavBar.dart' ('l
ib/features/home/presentati
on/view/widgets/BottomNavBa
r.dart').
Try correcting the name to 
the name of an existing 
method, or defining a 
method named 'ClipRRect'.
      child: ClipRRect(
             ^^^^^^^^^
lib/features/home/presentat
ion/view/widgets/BottomNavB
ar.dart:17:12: Error: The 
method 'Container' isn't 
defined for the type 
'BottomNavBar'.
 - 'BottomNavBar' is from '
package:fruits_hub/features
/home/presentation/view/wid
gets/BottomNavBar.dart' ('l
ib/features/home/presentati
on/view/widgets/BottomNavBa
r.dart').
Try correcting the name to 
the name of an existing 
method, or defining a 
method named 'Container'.
    return Container(
           ^^^^^^^^^
lib/features/products/prese
ntation/view/widgets/produc
t_details_view_body.dart:32
:19: Error: No named 
parameter with the name 
'onPressed'.
                  
onPressed: () {},
                  ^^^^^^^^^
lib/core/widgets/CustomBtn.
dart:11:9: Context: Found 
this candidate, but the 
arguments don't match.
  const 
CustomBtn({super.key, 
required this.onpressed, 
required this.text});
        ^^^^^^^^^
lib/features/profile/presen
tation/view/widgets/orders_
view_body.dart:13:22: 
Error: A value of type 
'OrderItem' can't be 
returned from a function 
with return type 'Widget?'.
 - 'OrderItem' is from 'pac
kage:fruits_hub/features/pr
ofile/presentation/view/wid
gets/OrderItem.dart' ('lib/
features/profile/presentati
on/view/widgets/OrderItem.d
art').
 - 'Widget' is from 'packag
e:flutter/src/widgets/frame
work.dart' ('/C:/flutter/pa
ckages/flutter/lib/src/widg
ets/framework.dart').
        return const 
OrderItem();
                     ^
lib/features/Auth/presentat
ion/View/widgets/CustomForm
ResetPassword.dart:62:15: 
Error: The method 
'CustonBtn' isn't defined 
for the type '_CustomFormRe
setPasswordState'.
 - '_CustomFormResetPasswor
dState' is from 'package:fr
uits_hub/features/Auth/pres
entation/View/widgets/Custo
mFormResetPassword.dart' ('
lib/features/Auth/presentat
ion/View/widgets/CustomForm
ResetPassword.dart').
Try correcting the name to 
the name of an existing 
method, or defining a 
method named 'CustonBtn'.
              CustonBtn(
              ^^^^^^^^^
lib/features/Auth/presentat
ion/View/widgets/Customform
fieldForgotPassword.dart:63
:17: Error: The method 
'CustonBtn' isn't defined 
for the type '_Customformfi
eldForgotPasswordState'.
 - '_CustomformfieldForgotP
asswordState' is from 'pack
age:fruits_hub/features/Aut
h/presentation/View/widgets
/CustomformfieldForgotPassw
ord.dart' ('lib/features/Au
th/presentation/View/widget
s/CustomformfieldForgotPass
word.dart').
Try correcting the name to 
the name of an existing 
method, or defining a 
method named 'CustonBtn'.
                CustonBtn(
                ^^^^^^^^^
lib/features/Auth/presentat
ion/View/widgets/CustomForm
Field.dart:101:21: Error: 
The method 'CustonBtn' 
isn't defined for the type 
'_CustomformfieldState'.
 - '_CustomformfieldState' 
is from 'package:fruits_hub
/features/Auth/presentation
/View/widgets/CustomFormFie
ld.dart' ('lib/features/Aut
h/presentation/View/widgets
/CustomFormField.dart').
Try correcting the name to 
the name of an existing 
method, or defining a 
method named 'CustonBtn'.
                  : 
CustonBtn(
                    
^^^^^^^^^
lib/features/Auth/presentat
ion/View/widgets/CustomForm
SignUp.dart:106:17: Error: 
The method 'CustonBtn' 
isn't defined for the type 
'_CustomformfieldSignUpStat
e'.
 - '_CustomformfieldSignUpS
tate' is from 'package:frui
ts_hub/features/Auth/presen
tation/View/widgets/CustomF
ormSignUp.dart' ('lib/featu
res/Auth/presentation/View/
widgets/CustomFormSignUp.da
rt').
Try correcting the name to 
the name of an existing 
method, or defining a 
method named 'CustonBtn'.
                CustonBtn(
                ^^^^^^^^^
lib/features/home/presentat
ion/view/widgets/ListCatego
ries.dart:9:16: Error: 
'BuildContext' isn't a 
type.
  Widget 
build(BuildContext 
context) {
               ^^^^^^^^^^^^
lib/features/home/presentat
ion/view/widgets/ListCatego
ries.dart:24:53: Error: 
Not a constant expression.
        separatorBuilder: 
(context, index) => const 
SizedBox(width: 16),
                           
                         
^^^^^^^^
lib/features/home/presentat
ion/view/widgets/ListCatego
ries.dart:20:14: Error: 
The getter 'ListView' 
isn't defined for the type 
'ListCategories'.
 - 'ListCategories' is 
from 'package:fruits_hub/fe
atures/home/presentation/vi
ew/widgets/ListCategories.d
art' ('lib/features/home/pr
esentation/view/widgets/Lis
tCategories.dart').
Try correcting the name to 
the name of an existing 
getter, or defining a 
getter or field named 
'ListView'.
      child: 
ListView.separated(
             ^^^^^^^^
lib/features/home/presentat
ion/view/widgets/ListCatego
ries.dart:21:18: Error: 
The getter 'EdgeInsets' 
isn't defined for the type 
'ListCategories'.
 - 'ListCategories' is 
from 'package:fruits_hub/fe
atures/home/presentation/vi
ew/widgets/ListCategories.d
art' ('lib/features/home/pr
esentation/view/widgets/Lis
tCategories.dart').
Try correcting the name to 
the name of an existing 
getter, or defining a 
getter or field named 
'EdgeInsets'.
        padding: 
EdgeInsets.zero,
                 ^^^^^^^^^^
lib/features/home/presentat
ion/view/widgets/ListCatego
ries.dart:22:26: Error: 
The getter 'Axis' isn't 
defined for the type 
'ListCategories'.
 - 'ListCategories' is 
from 'package:fruits_hub/fe
atures/home/presentation/vi
ew/widgets/ListCategories.d
art' ('lib/features/home/pr
esentation/view/widgets/Lis
tCategories.dart').
Try correcting the name to 
the name of an existing 
getter, or defining a 
getter or field named 
'Axis'.
        scrollDirection: 
Axis.horizontal,
                         
^^^^
lib/features/home/presentat
ion/view/widgets/ListCatego
ries.dart:18:12: Error: 
The method 'SizedBox' 
isn't defined for the type 
'ListCategories'.
 - 'ListCategories' is 
from 'package:fruits_hub/fe
atures/home/presentation/vi
ew/widgets/ListCategories.d
art' ('lib/features/home/pr
esentation/view/widgets/Lis
tCategories.dart').
Try correcting the name to 
the name of an existing 
method, or defining a 
method named 'SizedBox'.
    return SizedBox(
           ^^^^^^^^
lib/features/home/presentat
ion/view/widgets/ListProduc
ts.dart:11:16: Error: 
'BuildContext' isn't a 
type.
  Widget 
build(BuildContext 
context) {
               ^^^^^^^^^^^^
lib/features/home/presentat
ion/view/widgets/ListProduc
ts.dart:12:24: Error: 
'ProductsCubit' isn't a 
type.
    return 
BlocBuilder<ProductsCubit, 
ProductsState>(
                       
^^^^^^^^^^^^^
lib/features/home/presentat
ion/view/widgets/ListProduc
ts.dart:24:33: Error: Not 
a constant expression.
            gridDelegate: 
const SliverGridDelegateWit
hFixedCrossAxisCount(
                           
     ^^^^^^^^^^^^^^^^^^^^^^
^^^^^^^^^^^^^^^^^^^
lib/features/home/presentat
ion/view/widgets/ListProduc
ts.dart:16:23: Error: The 
method 'SliverChildBuilderD
elegate' isn't defined for 
the type 'ListProducts'.
 - 'ListProducts' is from '
package:fruits_hub/features
/home/presentation/view/wid
gets/ListProducts.dart' ('l
ib/features/home/presentati
on/view/widgets/ListProduct
s.dart').
Try correcting the name to 
the name of an existing 
method, or defining a 
method named 'SliverChildBu
ilderDelegate'.
            delegate: 
SliverChildBuilderDelegate(
                      
^^^^^^^^^^^^^^^^^^^^^^^^^^
lib/features/home/presentat
ion/view/widgets/ListProduc
ts.dart:15:18: Error: The 
method 'SliverGrid' isn't 
defined for the type 
'ListProducts'.
 - 'ListProducts' is from '
package:fruits_hub/features
/home/presentation/view/wid
gets/ListProducts.dart' ('l
ib/features/home/presentati
on/view/widgets/ListProduct
s.dart').
Try correcting the name to 
the name of an existing 
method, or defining a 
method named 'SliverGrid'.
          return 
SliverGrid(
                 ^^^^^^^^^^
lib/features/home/presentat
ion/view/widgets/ListProduc
ts.dart:36:73: Error: The 
getter 'Colors' isn't 
defined for the type 
'ListProducts'.
 - 'ListProducts' is from '
package:fruits_hub/features
/home/presentation/view/wid
gets/ListProducts.dart' ('l
ib/features/home/presentati
on/view/widgets/ListProduct
s.dart').
Try correcting the name to 
the name of an existing 
getter, or defining a 
getter or field named 
'Colors'.
                style: Cust
omTextStyles.Cairo600style1
3.copyWith(color: 
Colors.red),
                           
                           
                  ^^^^^^
lib/features/home/presentat
ion/view/widgets/ListProduc
ts.dart:34:22: Error: The 
method 'Text' isn't 
defined for the type 
'ListProducts'.
 - 'ListProducts' is from '
package:fruits_hub/features
/home/presentation/view/wid
gets/ListProducts.dart' ('l
ib/features/home/presentati
on/view/widgets/ListProduct
s.dart').
Try correcting the name to 
the name of an existing 
method, or defining a 
method named 'Text'.
              child: Text(
                     ^^^^
lib/features/home/presentat
ion/view/widgets/ListProduc
ts.dart:33:20: Error: The 
method 'Center' isn't 
defined for the type 
'ListProducts'.
 - 'ListProducts' is from '
package:fruits_hub/features
/home/presentation/view/wid
gets/ListProducts.dart' ('l
ib/features/home/presentati
on/view/widgets/ListProduct
s.dart').
Try correcting the name to 
the name of an existing 
method, or defining a 
method named 'Center'.
            child: Center(
                   ^^^^^^
lib/features/home/presentat
ion/view/widgets/ListProduc
ts.dart:32:18: Error: The 
method 
'SliverToBoxAdapter' isn't 
defined for the type 
'ListProducts'.
 - 'ListProducts' is from '
package:fruits_hub/features
/home/presentation/view/wid
gets/ListProducts.dart' ('l
ib/features/home/presentati
on/view/widgets/ListProduct
s.dart').
Try correcting the name to 
the name of an existing 
method, or defining a 
method named 
'SliverToBoxAdapter'.
          return 
SliverToBoxAdapter(
                 
^^^^^^^^^^^^^^^^^^
lib/features/home/presentat
ion/view/widgets/ListProduc
ts.dart:43:22: Error: The 
method 'CircularProgressInd
icator' isn't defined for 
the type 'ListProducts'.
 - 'ListProducts' is from '
package:fruits_hub/features
/home/presentation/view/wid
gets/ListProducts.dart' ('l
ib/features/home/presentati
on/view/widgets/ListProduct
s.dart').
Try correcting the name to 
the name of an existing 
method, or defining a 
method named 'CircularProgr
essIndicator'.
              child: Circul
arProgressIndicator(color: 
AppColors.primaryColor),
                     
^^^^^^^^^^^^^^^^^^^^^^^^^
lib/features/home/presentat
ion/view/widgets/ListProduc
ts.dart:42:20: Error: The 
method 'Center' isn't 
defined for the type 
'ListProducts'.
 - 'ListProducts' is from '
package:fruits_hub/features
/home/presentation/view/wid
gets/ListProducts.dart' ('l
ib/features/home/presentati
on/view/widgets/ListProduct
s.dart').
Try correcting the name to 
the name of an existing 
method, or defining a 
method named 'Center'.
            child: Center(
                   ^^^^^^
lib/features/home/presentat
ion/view/widgets/ListProduc
ts.dart:41:18: Error: The 
method 
'SliverToBoxAdapter' isn't 
defined for the type 
'ListProducts'.
 - 'ListProducts' is from '
package:fruits_hub/features
/home/presentation/view/wid
gets/ListProducts.dart' ('l
ib/features/home/presentati
on/view/widgets/ListProduct
s.dart').
Try correcting the name to 
the name of an existing 
method, or defining a 
method named 
'SliverToBoxAdapter'.
          return 
SliverToBoxAdapter(
                 
^^^^^^^^^^^^^^^^^^
lib/features/home/presentat
ion/view/widgets/ListProduc
ts.dart:12:12: Error: The 
method 'BlocBuilder' isn't 
defined for the type 
'ListProducts'.
 - 'ListProducts' is from '
package:fruits_hub/features
/home/presentation/view/wid
gets/ListProducts.dart' ('l
ib/features/home/presentati
on/view/widgets/ListProduct
s.dart').
Try correcting the name to 
the name of an existing 
method, or defining a 
method named 'BlocBuilder'.
    return 
BlocBuilder<ProductsCubit, 
ProductsState>(
           ^^^^^^^^^^^
lib/features/home/presentat
ion/view/widgets/SectionHea
der.dart:11:16: Error: 
'BuildContext' isn't a 
type.
  Widget 
build(BuildContext 
context) {
               ^^^^^^^^^^^^
lib/features/home/presentat
ion/view/widgets/SectionHea
der.dart:18:15: Error: Not 
a constant expression.
        const Spacer(),
              ^^^^^^
lib/features/home/presentat
ion/view/widgets/SectionHea
der.dart:14:9: Error: The 
method 'Text' isn't 
defined for the type 
'SectionHeader'.
 - 'SectionHeader' is from 
'package:fruits_hub/feature
s/home/presentation/view/wi
dgets/SectionHeader.dart' (
'lib/features/home/presenta
tion/view/widgets/SectionHe
ader.dart').
Try correcting the name to 
the name of an existing 
method, or defining a 
method named 'Text'.
        Text(
        ^^^^
lib/features/home/presentat
ion/view/widgets/SectionHea
der.dart:21:18: Error: The 
method 'Text' isn't 
defined for the type 
'SectionHeader'.
 - 'SectionHeader' is from 
'package:fruits_hub/feature
s/home/presentation/view/wi
dgets/SectionHeader.dart' (
'lib/features/home/presenta
tion/view/widgets/SectionHe
ader.dart').
Try correcting the name to 
the name of an existing 
method, or defining a 
method named 'Text'.
          child: Text(
                 ^^^^
lib/features/home/presentat
ion/view/widgets/SectionHea
der.dart:19:9: Error: The 
method 'GestureDetector' 
isn't defined for the type 
'SectionHeader'.
 - 'SectionHeader' is from 
'package:fruits_hub/feature
s/home/presentation/view/wi
dgets/SectionHeader.dart' (
'lib/features/home/presenta
tion/view/widgets/SectionHe
ader.dart').
Try correcting the name to 
the name of an existing 
method, or defining a 
method named 
'GestureDetector'.
        GestureDetector(
        ^^^^^^^^^^^^^^^
lib/features/home/presentat
ion/view/widgets/SectionHea
der.dart:12:12: Error: The 
method 'Row' isn't defined 
for the type 
'SectionHeader'.
 - 'SectionHeader' is from 
'package:fruits_hub/feature
s/home/presentation/view/wi
dgets/SectionHeader.dart' (
'lib/features/home/presenta
tion/view/widgets/SectionHe
ader.dart').
Try correcting the name to 
the name of an existing 
method, or defining a 
method named 'Row'.
    return Row(
           ^^^
lib/features/onbording/pres
entation/views/widgets/Visi
bilityButton.dart:30:18: 
Error: The method 
'CustonBtn' isn't defined 
for the type 
'VisibilityButton'.
 - 'VisibilityButton' is 
from 'package:fruits_hub/fe
atures/onbording/presentati
on/views/widgets/Visibility
Button.dart' ('lib/features
/onbording/presentation/vie
ws/widgets/VisibilityButton
.dart').
Try correcting the name to 
the name of an existing 
method, or defining a 
method named 'CustonBtn'.
          child: CustonBtn(
                 ^^^^^^^^^
lib/features/cart/presentat
ion/view/widgets/cart_summa
ry.dart:53:13: Error: No 
named parameter with the 
name 'onPressed'.
            onPressed: () 
{},
            ^^^^^^^^^
lib/core/widgets/CustomBtn.
dart:11:9: Context: Found 
this candidate, but the 
arguments don't match.
  const 
CustomBtn({super.key, 
required this.onpressed, 
required this.text});
        ^^^^^^^^^
lib/features/profile/presen
tation/view/widgets/edit_pr
ofile_form.dart:24:11: 
Error: No named parameter 
with the name 'onPressed'.
          onPressed: () {},
          ^^^^^^^^^
lib/core/widgets/CustomBtn.
dart:11:9: Context: Found 
this candidate, but the 
arguments don't match.
  const 
CustomBtn({super.key, 
required this.onpressed, 
required this.text});
        ^^^^^^^^^
lib/features/profile/presen
tation/view/widgets/OrderIt
em.dart:9:16: Error: 
'BuildContext' isn't a 
type.
  Widget 
build(BuildContext 
context) {
               ^^^^^^^^^^^^
lib/features/profile/presen
tation/view/widgets/OrderIt
em.dart:11:22: Error: 
Couldn't find constructor 
'EdgeInsets.all'.
      padding: const 
EdgeInsets.all(16),
                     
^^^^^^^^^^
lib/features/profile/presen
tation/view/widgets/OrderIt
em.dart:12:21: Error: 
Couldn't find constructor 
'EdgeInsets.only'.
      margin: const 
EdgeInsets.only(bottom: 
16),
                    
^^^^^^^^^^
lib/features/profile/presen
tation/view/widgets/OrderIt
em.dart:15:23: Error: The 
getter 'BorderRadius' 
isn't defined for the type 
'OrderItem'.
 - 'OrderItem' is from 'pac
kage:fruits_hub/features/pr
ofile/presentation/view/wid
gets/OrderItem.dart' ('lib/
features/profile/presentati
on/view/widgets/OrderItem.d
art').
Try correcting the name to 
the name of an existing 
getter, or defining a 
getter or field named 
'BorderRadius'.
        borderRadius: 
BorderRadius.circular(16),
                      
^^^^^^^^^^^^
lib/features/profile/presen
tation/view/widgets/OrderIt
em.dart:16:17: Error: The 
getter 'Border' isn't 
defined for the type 
'OrderItem'.
 - 'OrderItem' is from 'pac
kage:fruits_hub/features/pr
ofile/presentation/view/wid
gets/OrderItem.dart' ('lib/
features/profile/presentati
on/view/widgets/OrderItem.d
art').
Try correcting the name to 
the name of an existing 
getter, or defining a 
getter or field named 
'Border'.
        border: 
Border.all(color: 
AppColors.borderGrey),
                ^^^^^^
lib/features/profile/presen
tation/view/widgets/OrderIt
em.dart:13:19: Error: The 
method 'BoxDecoration' 
isn't defined for the type 
'OrderItem'.
 - 'OrderItem' is from 'pac
kage:fruits_hub/features/pr
ofile/presentation/view/wid
gets/OrderItem.dart' ('lib/
features/profile/presentati
on/view/widgets/OrderItem.d
art').
Try correcting the name to 
the name of an existing 
method, or defining a 
method named 
'BoxDecoration'.
      decoration: 
BoxDecoration(
                  
^^^^^^^^^^^^^
lib/features/profile/presen
tation/view/widgets/OrderIt
em.dart:21:11: Error: The 
method 'Divider' isn't 
defined for the type 
'OrderItem'.
 - 'OrderItem' is from 'pac
kage:fruits_hub/features/pr
ofile/presentation/view/wid
gets/OrderItem.dart' ('lib/
features/profile/presentati
on/view/widgets/OrderItem.d
art').
Try correcting the name to 
the name of an existing 
method, or defining a 
method named 'Divider'.
          Divider(height: 
24, color: 
AppColors.borderGrey),
          ^^^^^^^
lib/features/profile/presen
tation/view/widgets/OrderIt
em.dart:18:14: Error: The 
method 'Column' isn't 
defined for the type 
'OrderItem'.
 - 'OrderItem' is from 'pac
kage:fruits_hub/features/pr
ofile/presentation/view/wid
gets/OrderItem.dart' ('lib/
features/profile/presentati
on/view/widgets/OrderItem.d
art').
Try correcting the name to 
the name of an existing 
method, or defining a 
method named 'Column'.
      child: Column(
             ^^^^^^
lib/features/profile/presen
tation/view/widgets/OrderIt
em.dart:10:12: Error: The 
method 'Container' isn't 
defined for the type 
'OrderItem'.
 - 'OrderItem' is from 'pac
kage:fruits_hub/features/pr
ofile/presentation/view/wid
gets/OrderItem.dart' ('lib/
features/profile/presentati
on/view/widgets/OrderItem.d
art').
Try correcting the name to 
the name of an existing 
method, or defining a 
method named 'Container'.
    return Container(
           ^^^^^^^^^
lib/features/profile/presen
tation/view/widgets/OrderIt
em.dart:40:26: Error: 
Couldn't find constructor 
'EdgeInsets.symmetric'.
          padding: const Ed
geInsets.symmetric(horizont
al: 12, vertical: 4),
                         
^^^^^^^^^^
lib/features/profile/presen
tation/view/widgets/OrderIt
em.dart:30:26: Error: The 
getter 'MainAxisAlignment' 
isn't defined for the type 
'OrderItem'.
 - 'OrderItem' is from 'pac
kage:fruits_hub/features/pr
ofile/presentation/view/wid
gets/OrderItem.dart' ('lib/
features/profile/presentati
on/view/widgets/OrderItem.d
art').
Try correcting the name to 
the name of an existing 
getter, or defining a 
getter or field named 
'MainAxisAlignment'.
      mainAxisAlignment: Ma
inAxisAlignment.spaceBetwee
n,
                         
^^^^^^^^^^^^^^^^^
lib/features/profile/presen
tation/view/widgets/OrderIt
em.dart:32:9: Error: The 
method 'Text' isn't 
defined for the type 
'OrderItem'.
 - 'OrderItem' is from 'pac
kage:fruits_hub/features/pr
ofile/presentation/view/wid
gets/OrderItem.dart' ('lib/
features/profile/presentati
on/view/widgets/OrderItem.d
art').
Try correcting the name to 
the name of an existing 
method, or defining a 
method named 'Text'.
        Text(
        ^^^^
lib/features/profile/presen
tation/view/widgets/OrderIt
em.dart:43:27: Error: The 
getter 'BorderRadius' 
isn't defined for the type 
'OrderItem'.
 - 'OrderItem' is from 'pac
kage:fruits_hub/features/pr
ofile/presentation/view/wid
gets/OrderItem.dart' ('lib/
features/profile/presentati
on/view/widgets/OrderItem.d
art').
Try correcting the name to 
the name of an existing 
getter, or defining a 
getter or field named 
'BorderRadius'.
            borderRadius: 
BorderRadius.circular(100),
                          
^^^^^^^^^^^^
lib/features/profile/presen
tation/view/widgets/OrderIt
em.dart:41:23: Error: The 
method 'BoxDecoration' 
isn't defined for the type 
'OrderItem'.
 - 'OrderItem' is from 'pac
kage:fruits_hub/features/pr
ofile/presentation/view/wid
gets/OrderItem.dart' ('lib/
features/profile/presentati
on/view/widgets/OrderItem.d
art').
Try correcting the name to 
the name of an existing 
method, or defining a 
method named 
'BoxDecoration'.
          decoration: 
BoxDecoration(
                      
^^^^^^^^^^^^^
lib/features/profile/presen
tation/view/widgets/OrderIt
em.dart:45:18: Error: The 
method 'Text' isn't 
defined for the type 
'OrderItem'.
 - 'OrderItem' is from 'pac
kage:fruits_hub/features/pr
ofile/presentation/view/wid
gets/OrderItem.dart' ('lib/
features/profile/presentati
on/view/widgets/OrderItem.d
art').
Try correcting the name to 
the name of an existing 
method, or defining a 
method named 'Text'.
          child: Text(
                 ^^^^
lib/features/profile/presen
tation/view/widgets/OrderIt
em.dart:39:9: Error: The 
method 'Container' isn't 
defined for the type 
'OrderItem'.
 - 'OrderItem' is from 'pac
kage:fruits_hub/features/pr
ofile/presentation/view/wid
gets/OrderItem.dart' ('lib/
features/profile/presentati
on/view/widgets/OrderItem.d
art').
Try correcting the name to 
the name of an existing 
method, or defining a 
method named 'Container'.
        Container(
        ^^^^^^^^^
lib/features/profile/presen
tation/view/widgets/OrderIt
em.dart:29:12: Error: The 
method 'Row' isn't defined 
for the type 'OrderItem'.
 - 'OrderItem' is from 'pac
kage:fruits_hub/features/pr
ofile/presentation/view/wid
gets/OrderItem.dart' ('lib/
features/profile/presentati
on/view/widgets/OrderItem.d
art').
Try correcting the name to 
the name of an existing 
method, or defining a 
method named 'Row'.
    return Row(
           ^^^
lib/features/profile/presen
tation/view/widgets/OrderIt
em.dart:69:15: Error: Not 
a constant expression.
        const 
SizedBox(width: 12),
              ^^^^^^^^
lib/features/profile/presen
tation/view/widgets/OrderIt
em.dart:65:27: Error: The 
getter 'BorderRadius' 
isn't defined for the type 
'OrderItem'.
 - 'OrderItem' is from 'pac
kage:fruits_hub/features/pr
ofile/presentation/view/wid
gets/OrderItem.dart' ('lib/
features/profile/presentati
on/view/widgets/OrderItem.d
art').
Try correcting the name to 
the name of an existing 
getter, or defining a 
getter or field named 
'BorderRadius'.
            borderRadius: 
BorderRadius.circular(12),
                          
^^^^^^^^^^^^
lib/features/profile/presen
tation/view/widgets/OrderIt
em.dart:63:23: Error: The 
method 'BoxDecoration' 
isn't defined for the type 
'OrderItem'.
 - 'OrderItem' is from 'pac
kage:fruits_hub/features/pr
ofile/presentation/view/wid
gets/OrderItem.dart' ('lib/
features/profile/presentati
on/view/widgets/OrderItem.d
art').
Try correcting the name to 
the name of an existing 
method, or defining a 
method named 
'BoxDecoration'.
          decoration: 
BoxDecoration(
                      
^^^^^^^^^^^^^
lib/features/profile/presen
tation/view/widgets/OrderIt
em.dart:67:23: Error: The 
getter 'Icons' isn't 
defined for the type 
'OrderItem'.
 - 'OrderItem' is from 'pac
kage:fruits_hub/features/pr
ofile/presentation/view/wid
gets/OrderItem.dart' ('lib/
features/profile/presentati
on/view/widgets/OrderItem.d
art').
Try correcting the name to 
the name of an existing 
getter, or defining a 
getter or field named 
'Icons'.
          child: Icon(Icons
.shopping_bag_outlined, 
color: 
AppColors.primaryColor),
                      ^^^^^
lib/features/profile/presen
tation/view/widgets/OrderIt
em.dart:67:18: Error: The 
method 'Icon' isn't 
defined for the type 
'OrderItem'.
 - 'OrderItem' is from 'pac
kage:fruits_hub/features/pr
ofile/presentation/view/wid
gets/OrderItem.dart' ('lib/
features/profile/presentati
on/view/widgets/OrderItem.d
art').
Try correcting the name to 
the name of an existing 
method, or defining a 
method named 'Icon'.
          child: Icon(Icons
.shopping_bag_outlined, 
color: 
AppColors.primaryColor),
                 ^^^^
lib/features/profile/presen
tation/view/widgets/OrderIt
em.dart:60:9: Error: The 
method 'Container' isn't 
defined for the type 
'OrderItem'.
 - 'OrderItem' is from 'pac
kage:fruits_hub/features/pr
ofile/presentation/view/wid
gets/OrderItem.dart' ('lib/
features/profile/presentati
on/view/widgets/OrderItem.d
art').
Try correcting the name to 
the name of an existing 
method, or defining a 
method named 'Container'.
        Container(
        ^^^^^^^^^
lib/features/profile/presen
tation/view/widgets/OrderIt
em.dart:72:33: Error: The 
getter 
'CrossAxisAlignment' isn't 
defined for the type 
'OrderItem'.
 - 'OrderItem' is from 'pac
kage:fruits_hub/features/pr
ofile/presentation/view/wid
gets/OrderItem.dart' ('lib/
features/profile/presentati
on/view/widgets/OrderItem.d
art').
Try correcting the name to 
the name of an existing 
getter, or defining a 
getter or field named 
'CrossAxisAlignment'.
            
crossAxisAlignment: 
CrossAxisAlignment.start,
                           
     ^^^^^^^^^^^^^^^^^^
lib/features/profile/presen
tation/view/widgets/OrderIt
em.dart:74:15: Error: The 
method 'Text' isn't 
defined for the type 
'OrderItem'.
 - 'OrderItem' is from 'pac
kage:fruits_hub/features/pr
ofile/presentation/view/wid
gets/OrderItem.dart' ('lib/
features/profile/presentati
on/view/widgets/OrderItem.d
art').
Try correcting the name to 
the name of an existing 
method, or defining a 
method named 'Text'.
              Text(
              ^^^^
lib/features/profile/presen
tation/view/widgets/OrderIt
em.dart:81:15: Error: The 
method 'Text' isn't 
defined for the type 
'OrderItem'.
 - 'OrderItem' is from 'pac
kage:fruits_hub/features/pr
ofile/presentation/view/wid
gets/OrderItem.dart' ('lib/
features/profile/presentati
on/view/widgets/OrderItem.d
art').
Try correcting the name to 
the name of an existing 
method, or defining a 
method named 'Text'.
              Text(
              ^^^^
lib/features/profile/presen
tation/view/widgets/OrderIt
em.dart:71:18: Error: The 
method 'Column' isn't 
defined for the type 
'OrderItem'.
 - 'OrderItem' is from 'pac
kage:fruits_hub/features/pr
ofile/presentation/view/wid
gets/OrderItem.dart' ('lib/
features/profile/presentati
on/view/widgets/OrderItem.d
art').
Try correcting the name to 
the name of an existing 
method, or defining a 
method named 'Column'.
          child: Column(
                 ^^^^^^
lib/features/profile/presen
tation/view/widgets/OrderIt
em.dart:70:9: Error: The 
method 'Expanded' isn't 
defined for the type 
'OrderItem'.
 - 'OrderItem' is from 'pac
kage:fruits_hub/features/pr
ofile/presentation/view/wid
gets/OrderItem.dart' ('lib/
features/profile/presentati
on/view/widgets/OrderItem.d
art').
Try correcting the name to 
the name of an existing 
method, or defining a 
method named 'Expanded'.
        Expanded(
        ^^^^^^^^
lib/features/profile/presen
tation/view/widgets/OrderIt
em.dart:91:9: Error: The 
method 'Text' isn't 
defined for the type 
'OrderItem'.
 - 'OrderItem' is from 'pac
kage:fruits_hub/features/pr
ofile/presentation/view/wid
gets/OrderItem.dart' ('lib/
features/profile/presentati
on/view/widgets/OrderItem.d
art').
Try correcting the name to 
the name of an existing 
method, or defining a 
method named 'Text'.
        Text(
        ^^^^
lib/features/profile/presen
tation/view/widgets/OrderIt
em.dart:58:12: Error: The 
method 'Row' isn't defined 
for the type 'OrderItem'.
 - 'OrderItem' is from 'pac
kage:fruits_hub/features/pr
ofile/presentation/view/wid
gets/OrderItem.dart' ('lib/
features/profile/presentati
on/view/widgets/OrderItem.d
art').
Try correcting the name to 
the name of an existing 
method, or defining a 
method named 'Row'.
    return Row(
           ^^^
lib/core/widgets/common_wid
gets.dart:9:16: Error: 
'BuildContext' isn't a 
type.
  Widget 
build(BuildContext 
context) {
               ^^^^^^^^^^^^
lib/core/widgets/common_wid
gets.dart:11:22: Error: 
Couldn't find constructor 
'EdgeInsets.all'.
      padding: const 
EdgeInsets.all(20),
                     
^^^^^^^^^^
lib/core/widgets/common_wid
gets.dart:15:20: Error: 
Not a constant expression.
          topLeft: 
Radius.circular(30),
                   ^^^^^^
lib/core/widgets/common_wid
gets.dart:15:27: Error: 
Method invocation is not a 
constant expression.
          topLeft: 
Radius.circular(30),
                          
^^^^^^^^
lib/core/widgets/common_wid
gets.dart:16:21: Error: 
Not a constant expression.
          topRight: 
Radius.circular(30),
                    ^^^^^^
lib/core/widgets/common_wid
gets.dart:16:28: Error: 
Method invocation is not a 
constant expression.
          topRight: 
Radius.circular(30),
                           
^^^^^^^^
lib/core/widgets/common_wid
gets.dart:14:29: Error: 
Couldn't find constructor 
'BorderRadius.only'.
        borderRadius: 
const BorderRadius.only(
                           
 ^^^^^^^^^^^^
lib/core/widgets/common_wid
gets.dart:27:17: Error: 
Not a constant expression.
          const 
SizedBox(height: 24),
                ^^^^^^^^
lib/core/widgets/common_wid
gets.dart:31:17: Error: 
Not a constant expression.
          const 
SizedBox(height: 12),
                ^^^^^^^^
lib/core/widgets/common_wid
gets.dart:39:17: Error: 
Not a constant expression.
          const 
SizedBox(height: 24),
                ^^^^^^^^
lib/core/widgets/common_wid
gets.dart:43:17: Error: 
Not a constant expression.
          const 
SizedBox(height: 12),
                ^^^^^^^^
lib/core/widgets/common_wid
gets.dart:50:17: Error: 
Not a constant expression.
          const 
SizedBox(height: 32),
                ^^^^^^^^
lib/core/widgets/common_wid
gets.dart:60:36: Error: 
Couldn't find constructor 
'EdgeInsets.symmetric'.
                    
padding: const EdgeInsets.s
ymmetric(vertical: 16),
                           
        ^^^^^^^^^^
lib/core/widgets/common_wid
gets.dart:12:19: Error: 
The method 'BoxDecoration' 
isn't defined for the type 
'FilterBottomSheet'.
 - 'FilterBottomSheet' is 
from 'package:fruits_hub/co
re/widgets/common_widgets.d
art' ('lib/core/widgets/com
mon_widgets.dart').
Try correcting the name to 
the name of an existing 
method, or defining a 
method named 
'BoxDecoration'.
      decoration: 
BoxDecoration(
                  
^^^^^^^^^^^^^
lib/core/widgets/common_wid
gets.dart:20:23: Error: 
The getter 'MainAxisSize' 
isn't defined for the type 
'FilterBottomSheet'.
 - 'FilterBottomSheet' is 
from 'package:fruits_hub/co
re/widgets/common_widgets.d
art' ('lib/core/widgets/com
mon_widgets.dart').
Try correcting the name to 
the name of an existing 
getter, or defining a 
getter or field named 
'MainAxisSize'.
        mainAxisSize: 
MainAxisSize.min,
                      
^^^^^^^^^^^^
lib/core/widgets/common_wid
gets.dart:21:29: Error: 
The getter 
'CrossAxisAlignment' isn't 
defined for the type 
'FilterBottomSheet'.
 - 'FilterBottomSheet' is 
from 'package:fruits_hub/co
re/widgets/common_widgets.d
art' ('lib/core/widgets/com
mon_widgets.dart').
Try correcting the name to 
the name of an existing 
getter, or defining a 
getter or field named 
'CrossAxisAlignment'.
        
crossAxisAlignment: 
CrossAxisAlignment.start,
                           
 ^^^^^^^^^^^^^^^^^^
lib/core/widgets/common_wid
gets.dart:24:22: Error: 
The method 'Text' isn't 
defined for the type 
'FilterBottomSheet'.
 - 'FilterBottomSheet' is 
from 'package:fruits_hub/co
re/widgets/common_widgets.d
art' ('lib/core/widgets/com
mon_widgets.dart').
Try correcting the name to 
the name of an existing 
method, or defining a 
method named 'Text'.
              child: 
Text(AppStrings.filter,
                     ^^^^
lib/core/widgets/common_wid
gets.dart:23:11: Error: 
The method 'Center' isn't 
defined for the type 
'FilterBottomSheet'.
 - 'FilterBottomSheet' is 
from 'package:fruits_hub/co
re/widgets/common_widgets.d
art' ('lib/core/widgets/com
mon_widgets.dart').
Try correcting the name to 
the name of an existing 
method, or defining a 
method named 'Center'.
          Center(
          ^^^^^^
lib/core/widgets/common_wid
gets.dart:28:11: Error: 
The method 'Text' isn't 
defined for the type 
'FilterBottomSheet'.
 - 'FilterBottomSheet' is 
from 'package:fruits_hub/co
re/widgets/common_widgets.d
art' ('lib/core/widgets/com
mon_widgets.dart').
Try correcting the name to 
the name of an existing 
method, or defining a 
method named 'Text'.
          
Text(AppStrings.sortBy,
          ^^^^
lib/core/widgets/common_wid
gets.dart:32:11: Error: 
The method 'Wrap' isn't 
defined for the type 
'FilterBottomSheet'.
 - 'FilterBottomSheet' is 
from 'package:fruits_hub/co
re/widgets/common_widgets.d
art' ('lib/core/widgets/com
mon_widgets.dart').
Try correcting the name to 
the name of an existing 
method, or defining a 
method named 'Wrap'.
          Wrap(
          ^^^^
lib/core/widgets/common_wid
gets.dart:40:11: Error: 
The method 'Text' isn't 
defined for the type 
'FilterBottomSheet'.
 - 'FilterBottomSheet' is 
from 'package:fruits_hub/co
re/widgets/common_widgets.d
art' ('lib/core/widgets/com
mon_widgets.dart').
Try correcting the name to 
the name of an existing 
method, or defining a 
method named 'Text'.
          
Text(AppStrings.priceRange,
          ^^^^
lib/core/widgets/common_wid
gets.dart:44:11: Error: 
The method 'Wrap' isn't 
defined for the type 
'FilterBottomSheet'.
 - 'FilterBottomSheet' is 
from 'package:fruits_hub/co
re/widgets/common_widgets.d
art' ('lib/core/widgets/com
mon_widgets.dart').
Try correcting the name to 
the name of an existing 
method, or defining a 
method named 'Wrap'.
          Wrap(
          ^^^^
lib/core/widgets/common_wid
gets.dart:56:26: Error: 
The getter 
'ElevatedButton' isn't 
defined for the type 
'FilterBottomSheet'.
 - 'FilterBottomSheet' is 
from 'package:fruits_hub/co
re/widgets/common_widgets.d
art' ('lib/core/widgets/com
mon_widgets.dart').
Try correcting the name to 
the name of an existing 
getter, or defining a 
getter or field named 
'ElevatedButton'.
                  style: 
ElevatedButton.styleFrom(
                         
^^^^^^^^^^^^^^
lib/core/widgets/common_wid
gets.dart:59:39: Error: 
The getter 'BorderRadius' 
isn't defined for the type 
'FilterBottomSheet'.
 - 'FilterBottomSheet' is 
from 'package:fruits_hub/co
re/widgets/common_widgets.d
art' ('lib/core/widgets/com
mon_widgets.dart').
Try correcting the name to 
the name of an existing 
getter, or defining a 
getter or field named 
'BorderRadius'.
                        
borderRadius: 
BorderRadius.circular(12)),
                           
           ^^^^^^^^^^^^
lib/core/widgets/common_wid
gets.dart:58:28: Error: 
The method 
'RoundedRectangleBorder' 
isn't defined for the type 
'FilterBottomSheet'.
 - 'FilterBottomSheet' is 
from 'package:fruits_hub/co
re/widgets/common_widgets.d
art' ('lib/core/widgets/com
mon_widgets.dart').
Try correcting the name to 
the name of an existing 
method, or defining a 
method named 
'RoundedRectangleBorder'.
                    shape: 
RoundedRectangleBorder(
                           
^^^^^^^^^^^^^^^^^^^^^^
lib/core/widgets/common_wid
gets.dart:64:44: Error: 
The getter 'Colors' isn't 
defined for the type 
'FilterBottomSheet'.
 - 'FilterBottomSheet' is 
from 'package:fruits_hub/co
re/widgets/common_widgets.d
art' ('lib/core/widgets/com
mon_widgets.dart').
Try correcting the name to 
the name of an existing 
getter, or defining a 
getter or field named 
'Colors'.
                          
.copyWith(color: 
Colors.white)),
                           
                ^^^^^^
lib/core/widgets/common_wid
gets.dart:62:26: Error: 
The method 'Text' isn't 
defined for the type 
'FilterBottomSheet'.
 - 'FilterBottomSheet' is 
from 'package:fruits_hub/co
re/widgets/common_widgets.d
art' ('lib/core/widgets/com
mon_widgets.dart').
Try correcting the name to 
the name of an existing 
method, or defining a 
method named 'Text'.
                  child: 
Text(AppStrings.apply,
                         
^^^^
lib/core/widgets/common_wid
gets.dart:55:36: Error: 
The getter 'Navigator' 
isn't defined for the type 
'FilterBottomSheet'.
 - 'FilterBottomSheet' is 
from 'package:fruits_hub/co
re/widgets/common_widgets.d
art' ('lib/core/widgets/com
mon_widgets.dart').
Try correcting the name to 
the name of an existing 
getter, or defining a 
getter or field named 
'Navigator'.
                  
onPressed: () => 
Navigator.pop(context),
                           
        ^^^^^^^^^
lib/core/widgets/common_wid
gets.dart:54:24: Error: 
The method 
'ElevatedButton' isn't 
defined for the type 
'FilterBottomSheet'.
 - 'FilterBottomSheet' is 
from 'package:fruits_hub/co
re/widgets/common_widgets.d
art' ('lib/core/widgets/com
mon_widgets.dart').
Try correcting the name to 
the name of an existing 
method, or defining a 
method named 
'ElevatedButton'.
                child: 
ElevatedButton(
                       
^^^^^^^^^^^^^^
lib/core/widgets/common_wid
gets.dart:53:15: Error: 
The method 'Expanded' 
isn't defined for the type 
'FilterBottomSheet'.
 - 'FilterBottomSheet' is 
from 'package:fruits_hub/co
re/widgets/common_widgets.d
art' ('lib/core/widgets/com
mon_widgets.dart').
Try correcting the name to 
the name of an existing 
method, or defining a 
method named 'Expanded'.
              Expanded(
              ^^^^^^^^
lib/core/widgets/common_wid
gets.dart:51:11: Error: 
The method 'Row' isn't 
defined for the type 
'FilterBottomSheet'.
 - 'FilterBottomSheet' is 
from 'package:fruits_hub/co
re/widgets/common_widgets.d
art' ('lib/core/widgets/com
mon_widgets.dart').
Try correcting the name to 
the name of an existing 
method, or defining a 
method named 'Row'.
          Row(
          ^^^
lib/core/widgets/common_wid
gets.dart:19:14: Error: 
The method 'Column' isn't 
defined for the type 
'FilterBottomSheet'.
 - 'FilterBottomSheet' is 
from 'package:fruits_hub/co
re/widgets/common_widgets.d
art' ('lib/core/widgets/com
mon_widgets.dart').
Try correcting the name to 
the name of an existing 
method, or defining a 
method named 'Column'.
      child: Column(
             ^^^^^^
lib/core/widgets/common_wid
gets.dart:10:12: Error: 
The method 'Container' 
isn't defined for the type 
'FilterBottomSheet'.
 - 'FilterBottomSheet' is 
from 'package:fruits_hub/co
re/widgets/common_widgets.d
art' ('lib/core/widgets/com
mon_widgets.dart').
Try correcting the name to 
the name of an existing 
method, or defining a 
method named 'Container'.
    return Container(
           ^^^^^^^^^
lib/core/widgets/common_wid
gets.dart:76:21: Error: 
Couldn't find constructor 
'EdgeInsets.only'.
      margin: const 
EdgeInsets.only(bottom: 8, 
left: 8),
                    
^^^^^^^^^^
lib/core/widgets/common_wid
gets.dart:77:22: Error: 
Couldn't find constructor 
'EdgeInsets.symmetric'.
      padding: const EdgeIn
sets.symmetric(horizontal: 
16, vertical: 8),
                     
^^^^^^^^^^
lib/core/widgets/common_wid
gets.dart:80:23: Error: 
The getter 'BorderRadius' 
isn't defined for the type 
'FilterBottomSheet'.
 - 'FilterBottomSheet' is 
from 'package:fruits_hub/co
re/widgets/common_widgets.d
art' ('lib/core/widgets/com
mon_widgets.dart').
Try correcting the name to 
the name of an existing 
getter, or defining a 
getter or field named 
'BorderRadius'.
        borderRadius: 
BorderRadius.circular(100),
                      
^^^^^^^^^^^^
lib/core/widgets/common_wid
gets.dart:78:19: Error: 
The method 'BoxDecoration' 
isn't defined for the type 
'FilterBottomSheet'.
 - 'FilterBottomSheet' is 
from 'package:fruits_hub/co
re/widgets/common_widgets.d
art' ('lib/core/widgets/com
mon_widgets.dart').
Try correcting the name to 
the name of an existing 
method, or defining a 
method named 
'BoxDecoration'.
      decoration: 
BoxDecoration(
                  
^^^^^^^^^^^^^
lib/core/widgets/common_wid
gets.dart:85:41: Error: 
The getter 'Colors' isn't 
defined for the type 
'FilterBottomSheet'.
 - 'FilterBottomSheet' is 
from 'package:fruits_hub/co
re/widgets/common_widgets.d
art' ('lib/core/widgets/com
mon_widgets.dart').
Try correcting the name to 
the name of an existing 
getter, or defining a 
getter or field named 
'Colors'.
            
.copyWith(color: isActive 
? Colors.white : 
AppColors.black),
                           
             ^^^^^^
lib/core/widgets/common_wid
gets.dart:82:14: Error: 
The method 'Text' isn't 
defined for the type 
'FilterBottomSheet'.
 - 'FilterBottomSheet' is 
from 'package:fruits_hub/co
re/widgets/common_widgets.d
art' ('lib/core/widgets/com
mon_widgets.dart').
Try correcting the name to 
the name of an existing 
method, or defining a 
method named 'Text'.
      child: Text(
             ^^^^
lib/core/widgets/common_wid
gets.dart:75:12: Error: 
The method 'Container' 
isn't defined for the type 
'FilterBottomSheet'.
 - 'FilterBottomSheet' is 
from 'package:fruits_hub/co
re/widgets/common_widgets.d
art' ('lib/core/widgets/com
mon_widgets.dart').
Try correcting the name to 
the name of an existing 
method, or defining a 
method named 'Container'.
    return Container(
           ^^^^^^^^^
lib/core/widgets/common_wid
gets.dart:95:16: Error: 
'BuildContext' isn't a 
type.
  Widget 
build(BuildContext 
context) {
               ^^^^^^^^^^^^
lib/core/widgets/common_wid
gets.dart:97:22: Error: 
Couldn't find constructor 
'EdgeInsets.all'.
      padding: const 
EdgeInsets.all(20),
                     
^^^^^^^^^^
lib/core/widgets/common_wid
gets.dart:101:20: Error: 
Not a constant expression.
          topLeft: 
Radius.circular(30),
                   ^^^^^^
lib/core/widgets/common_wid
gets.dart:101:27: Error: 
Method invocation is not a 
constant expression.
          topLeft: 
Radius.circular(30),
                          
^^^^^^^^
lib/core/widgets/common_wid
gets.dart:102:21: Error: 
Not a constant expression.
          topRight: 
Radius.circular(30),
                    ^^^^^^
lib/core/widgets/common_wid
gets.dart:102:28: Error: 
Method invocation is not a 
constant expression.
          topRight: 
Radius.circular(30),
                           
^^^^^^^^
lib/core/widgets/common_wid
gets.dart:100:29: Error: 
Couldn't find constructor 
'BorderRadius.only'.
        borderRadius: 
const BorderRadius.only(
                           
 ^^^^^^^^^^^^
lib/core/widgets/common_wid
gets.dart:111:17: Error: 
Not a constant expression.
          const 
SizedBox(height: 16),
                ^^^^^^^^
lib/core/widgets/common_wid
gets.dart:112:39: Error: 
Member not found: 
'bestSeller'.
          _buildSortOption(
AppStrings.bestSeller, 
true),
                           
           ^^^^^^^^^^
lib/core/widgets/common_wid
gets.dart:116:17: Error: 
Not a constant expression.
          const 
SizedBox(height: 16),
                ^^^^^^^^
lib/core/widgets/common_wid
gets.dart:98:19: Error: 
The method 'BoxDecoration' 
isn't defined for the type 
'SortBottomSheet'.
 - 'SortBottomSheet' is 
from 'package:fruits_hub/co
re/widgets/common_widgets.d
art' ('lib/core/widgets/com
mon_widgets.dart').
Try correcting the name to 
the name of an existing 
method, or defining a 
method named 
'BoxDecoration'.
      decoration: 
BoxDecoration(
                  
^^^^^^^^^^^^^
lib/core/widgets/common_wid
gets.dart:106:23: Error: 
The getter 'MainAxisSize' 
isn't defined for the type 
'SortBottomSheet'.
 - 'SortBottomSheet' is 
from 'package:fruits_hub/co
re/widgets/common_widgets.d
art' ('lib/core/widgets/com
mon_widgets.dart').
Try correcting the name to 
the name of an existing 
getter, or defining a 
getter or field named 
'MainAxisSize'.
        mainAxisSize: 
MainAxisSize.min,
                      
^^^^^^^^^^^^
lib/core/widgets/common_wid
gets.dart:108:11: Error: 
The method 'Text' isn't 
defined for the type 
'SortBottomSheet'.
 - 'SortBottomSheet' is 
from 'package:fruits_hub/co
re/widgets/common_widgets.d
art' ('lib/core/widgets/com
mon_widgets.dart').
Try correcting the name to 
the name of an existing 
method, or defining a 
method named 'Text'.
          
Text(AppStrings.sortBy,
          ^^^^
lib/core/widgets/common_wid
gets.dart:105:14: Error: 
The method 'Column' isn't 
defined for the type 
'SortBottomSheet'.
 - 'SortBottomSheet' is 
from 'package:fruits_hub/co
re/widgets/common_widgets.d
art' ('lib/core/widgets/com
mon_widgets.dart').
Try correcting the name to 
the name of an existing 
method, or defining a 
method named 'Column'.
      child: Column(
             ^^^^^^
lib/core/widgets/common_wid
gets.dart:96:12: Error: 
The method 'Container' 
isn't defined for the type 
'SortBottomSheet'.
 - 'SortBottomSheet' is 
from 'package:fruits_hub/co
re/widgets/common_widgets.d
art' ('lib/core/widgets/com
mon_widgets.dart').
Try correcting the name to 
the name of an existing 
method, or defining a 
method named 'Container'.
    return Container(
           ^^^^^^^^^
lib/core/widgets/common_wid
gets.dart:128:24: Error: 
Not a constant expression.
          ? const 
Icon(Icons.check, color: 
AppColors.primaryColor)
                       
^^^^^
lib/core/widgets/common_wid
gets.dart:128:19: Error: 
Not a constant expression.
          ? const 
Icon(Icons.check, color: 
AppColors.primaryColor)
                  ^^^^
lib/core/widgets/common_wid
gets.dart:124:14: Error: 
The method 'Text' isn't 
defined for the type 
'SortBottomSheet'.
 - 'SortBottomSheet' is 
from 'package:fruits_hub/co
re/widgets/common_widgets.d
art' ('lib/core/widgets/com
mon_widgets.dart').
Try correcting the name to 
the name of an existing 
method, or defining a 
method named 'Text'.
      title: Text(title,
             ^^^^
lib/core/widgets/common_wid
gets.dart:123:12: Error: 
The method 'ListTile' 
isn't defined for the type 
'SortBottomSheet'.
 - 'SortBottomSheet' is 
from 'package:fruits_hub/co
re/widgets/common_widgets.d
art' ('lib/core/widgets/com
mon_widgets.dart').
Try correcting the name to 
the name of an existing 
method, or defining a 
method named 'ListTile'.
    return ListTile(
           ^^^^^^^^
lib/core/widgets/common_wid
gets.dart:135:31: Error: 
'BuildContext' isn't a 
type.
Future<void> showLogoutDial
og(BuildContext context) 
async {
                           
   ^^^^^^^^^^^^
lib/core/widgets/common_wid
gets.dart:138:15: Error: 
'BuildContext' isn't a 
type.
    builder: (BuildContext 
context) {
              ^^^^^^^^^^^^
lib/core/widgets/common_wid
gets.dart:141:53: Error: 
Undefined name 
'BorderRadius'.
        shape: RoundedRecta
ngleBorder(borderRadius: 
BorderRadius.circular(16)),
                           
                         
^^^^^^^^^^^^
lib/core/widgets/common_wid
gets.dart:141:16: Error: 
Method not found: 
'RoundedRectangleBorder'.
        shape: RoundedRecta
ngleBorder(borderRadius: 
BorderRadius.circular(16)),
               
^^^^^^^^^^^^^^^^^^^^^^
lib/core/widgets/common_wid
gets.dart:143:24: Error: 
Undefined name 'TextAlign'.
            textAlign: 
TextAlign.center,
                       
^^^^^^^^^
lib/core/widgets/common_wid
gets.dart:142:16: Error: 
Method not found: 'Text'.
        title: 
Text(AppStrings.logout,
               ^^^^
lib/core/widgets/common_wid
gets.dart:146:24: Error: 
Undefined name 'TextAlign'.
            textAlign: 
TextAlign.center,
                       
^^^^^^^^^
lib/core/widgets/common_wid
gets.dart:145:18: Error: 
Method not found: 'Text'.
        content: Text(AppSt
rings.logoutConfirmation,
                 ^^^^
lib/core/widgets/common_wid
gets.dart:148:19: Error: 
'Widget' isn't a type.
        actions: <Widget>[
                  ^^^^^^
lib/core/widgets/common_wid
gets.dart:150:20: Error: 
Method not found: 'Text'.
            child: 
Text(AppStrings.cancel,
                   ^^^^
lib/core/widgets/common_wid
gets.dart:153:30: Error: 
Undefined name 'Navigator'.
            onPressed: () 
=> Navigator.of(context).po
p(),
                           
  ^^^^^^^^^
lib/core/widgets/common_wid
gets.dart:149:11: Error: 
Method not found: 
'TextButton'.
          TextButton(
          ^^^^^^^^^^
lib/core/widgets/common_wid
gets.dart:158:38: Error: 
Undefined name 'Colors'.
                    
.copyWith(color: 
Colors.red)),
                           
          ^^^^^^
lib/core/widgets/common_wid
gets.dart:156:20: Error: 
Method not found: 'Text'.
            child: 
Text(AppStrings.logout,
                   ^^^^
lib/core/widgets/common_wid
gets.dart:161:15: Error: 
Undefined name 'Navigator'.
              Navigator.of(
context).pop();
              ^^^^^^^^^
lib/core/widgets/common_wid
gets.dart:155:11: Error: 
Method not found: 
'TextButton'.
          TextButton(
          ^^^^^^^^^^
lib/core/widgets/common_wid
gets.dart:139:14: Error: 
Method not found: 
'AlertDialog'.
      return AlertDialog(
             ^^^^^^^^^^^
lib/core/widgets/common_wid
gets.dart:136:10: Error: 
Method not found: 
'showDialog'.
  return showDialog<void>(
         ^^^^^^^^^^
lib/core/widgets/common_wid
gets.dart:136:10: Error: A 
value of type 
'invalid-type' can't be 
returned from an async 
function with return type 
'Future<void>'.
 - 'Future' is from 
'dart:async'.
  return showDialog<void>(
         ^
Target 
kernel_snapshot_program 
failed: Exception


FAILURE: Build failed with 
an exception.

* What went wrong:
Execution failed for task '
:app:compileFlutterBuildDeb
ug'.
> Process 'command 'C:\flut
ter\bin\flutter.bat'' 
finished with non-zero 
exit value 1

* Try:
> Run with --stacktrace 
option to get the stack 
trace.
> Run with --info or 
--debug option to get more 
log output.
> Run with --scan to get 
full insights.
> Get more help at 
https://help.gradle.org.

BUILD FAILED in 2m 23s
Running Gradle task 'assembleDebug'...                            145.4s
Gradle task assembleDebug 
failed with exit code 1
